../Core/Src/main.c:58:6:HAL_CAN_TxMailbox0CompleteCallback	16	static
../Core/Src/main.c:62:6:HAL_CAN_RxFifo0MsgPendingCallback	16	static
../Core/Src/main.c:67:6:HAL_CAN_ErrorCallback	16	static
../Core/Src/main.c:85:6:CAN_TX	56	static
../Core/Src/main.c:107:6:CAN_RX_Filtration	56	static
../Core/Src/main.c:129:6:CAN_RX	56	static
../Core/Src/main.c:153:5:main	8	static
../Core/Src/main.c:209:6:SystemClock_Config	72	static
../Core/Src/main.c:246:13:MX_CAN_Init	8	static
../Core/Src/main.c:283:13:MX_GPIO_Init	16	static
../Core/Src/main.c:303:6:Error_Handler	4	static
