../Stm32_F103C6_Drivers/USART/Stm32_F103C6_USART.c:25:6:MCAL_UART_Init	24	static
../Stm32_F103C6_Drivers/USART/Stm32_F103C6_USART.c:104:6:MCAL_UART_DeInit	16	static
../Stm32_F103C6_Drivers/USART/Stm32_F103C6_USART.c:142:6:MCAL_UART_Transmit	24	static
../Stm32_F103C6_Drivers/USART/Stm32_F103C6_USART.c:198:6:MCAL_UART_WAIT_TC	16	static
../Stm32_F103C6_Drivers/USART/Stm32_F103C6_USART.c:221:6:MCAL_UART_Receive	24	static
../Stm32_F103C6_Drivers/USART/Stm32_F103C6_USART.c:333:6:MCAL_UART_GPIO_Set_Pins	24	static
../Stm32_F103C6_Drivers/USART/Stm32_F103C6_USART.c:433:6:USART1_IRQHandler	8	static
../Stm32_F103C6_Drivers/USART/Stm32_F103C6_USART.c:438:6:USART2_IRQHandler	8	static
../Stm32_F103C6_Drivers/USART/Stm32_F103C6_USART.c:443:6:USART3_IRQHandler	8	static
