../Stm32F103c8t6_Drivers/EXTI/exti.c:27:6:Enable_NVIC	16	static
../Stm32F103c8t6_Drivers/EXTI/exti.c:71:6:Disable_NVIC	16	static
../Stm32F103c8t6_Drivers/EXTI/exti.c:133:6:MCAL_EXTI_Deinit	4	static
../Stm32F103c8t6_Drivers/EXTI/exti.c:159:6:MCAL_EXTI_Init	16	static
../Stm32F103c8t6_Drivers/EXTI/exti.c:169:6:update_EXTI	24	static
../Stm32F103c8t6_Drivers/EXTI/exti.c:233:6:MCAL_EXTI_Update	16	static
../Stm32F103c8t6_Drivers/EXTI/exti.c:247:6:EXTI0_IRQHandler	8	static
../Stm32F103c8t6_Drivers/EXTI/exti.c:254:6:EXTI1_IRQHandler	8	static
../Stm32F103c8t6_Drivers/EXTI/exti.c:260:6:EXTI2_IRQHandler	8	static
../Stm32F103c8t6_Drivers/EXTI/exti.c:266:6:EXTI3_IRQHandler	8	static
../Stm32F103c8t6_Drivers/EXTI/exti.c:273:6:EXTI4_IRQHandler	8	static
../Stm32F103c8t6_Drivers/EXTI/exti.c:279:6:EXTI9_5_IRQHandler	8	static
../Stm32F103c8t6_Drivers/EXTI/exti.c:288:6:EXTI15_10_IRQHandler	8	static
