../MY_RTOS/Scheduler.c:40:28:PendSV_Handler	0	static,ignoring_inline_asm
../MY_RTOS/Scheduler.c:99:6:MYRTOS_IdleTask	4	static,ignoring_inline_asm
../MY_RTOS/Scheduler.c:114:6:MYRTOS_Create_MainStack	4	static
../MY_RTOS/Scheduler.c:125:16:MYRTOS_init	16	static
../MY_RTOS/Scheduler.c:154:6:MyRTOS_Create_TaskStack	24	static
../MY_RTOS/Scheduler.c:197:16:MYRTOS_CreateTask	24	static
../MY_RTOS/Scheduler.c:263:6:bubbleSort	24	static
../MY_RTOS/Scheduler.c:280:6:MyRTOS_Update_Schadule_tables	24	static
../MY_RTOS/Scheduler.c:344:6:Decide_whatNext	8	static
../MY_RTOS/Scheduler.c:367:6:OS_SVC	24	static
../MY_RTOS/Scheduler.c:412:1:MYRTOS_OS_SVC_Set	16	static,ignoring_inline_asm
../MY_RTOS/Scheduler.c:434:6:MYRTOS_ActivateTask	16	static
../MY_RTOS/Scheduler.c:439:6:MYRTOS_TerminateTask	16	static
../MY_RTOS/Scheduler.c:444:6:MYRTOS_TaskWait	16	static
../MY_RTOS/Scheduler.c:457:6:MYRTOS_STARTOS	8	static,ignoring_inline_asm
../MY_RTOS/Scheduler.c:480:6:MYRTOS_Update_TasksWaitingTime	16	static
../MY_RTOS/Scheduler.c:504:16:MYRTOS_AcquireMutex	16	static
../MY_RTOS/Scheduler.c:526:6:MYRTOS_ReleaseMutex	16	static
