
Memory Configuration

Name             Origin             Length             Attributes
flash            0x00000000         0x20000000         xr
sram             0x20000000         0x20000000         xrw
*default*        0x00000000         0xffffffff

Linker script and memory map


.text           0x00000000      0x1a8
 *(.vectors*)
 .vectors       0x00000000       0x10 startup.o
                0x00000000                g_p_fn_Vectors
 *(.text*)
 .text          0x00000010       0xc4 driver.o
                0x00000010                Delay
                0x00000032                getPressureVal
                0x00000048                Set_Alarm_actuator
                0x00000084                GPIO_INITIALIZATION
 .text          0x000000d4       0x44 main.o
                0x000000d4                main
 .text          0x00000118       0x90 startup.o
                0x00000118                H_Fault_Handler
                0x00000118                Default_Handler
                0x00000118                NMI_Handler
                0x00000124                Reset_Handler
 *(.rodata)
                0x000001a8                _E_text = .

.glue_7         0x000001a8        0x0
 .glue_7        0x000001a8        0x0 linker stubs

.glue_7t        0x000001a8        0x0
 .glue_7t       0x000001a8        0x0 linker stubs

.vfp11_veneer   0x000001a8        0x0
 .vfp11_veneer  0x000001a8        0x0 linker stubs

.v4_bx          0x000001a8        0x0
 .v4_bx         0x000001a8        0x0 linker stubs

.iplt           0x000001a8        0x0
 .iplt          0x000001a8        0x0 main.o

.rel.dyn        0x000001a8        0x0
 .rel.iplt      0x000001a8        0x0 main.o

.data           0x20000000        0x0 load address 0x000001a8
                0x20000000                _S_DATA = .
 *(.data)
 .data          0x20000000        0x0 driver.o
 .data          0x20000000        0x0 main.o
 .data          0x20000000        0x0 startup.o
                0x20000000                _E_DATA = .

.igot.plt       0x20000000        0x0 load address 0x000001a8
 .igot.plt      0x20000000        0x0 main.o

.bss            0x20000000     0x1404 load address 0x000001a8
                0x20000000                _S_bss = .
 *(.bss*)
 .bss           0x20000000        0x0 driver.o
 .bss           0x20000000        0x4 main.o
                0x20000000                Pressure_value
 .bss           0x20000004      0x400 startup.o
                0x20000404                . = ALIGN (0x4)
                0x20000404                _E_bss = .
                0x20000404                . = ALIGN (0x4)
                0x20001404                . = (. + 0x1000)
 *fill*         0x20000404     0x1000 
                0x20001404                _stack_top = .
LOAD driver.o
LOAD main.o
LOAD startup.o
OUTPUT(Pressure_Controller.elf elf32-littlearm)
LOAD linker stubs

.debug_info     0x00000000      0x3e7
 .debug_info    0x00000000      0x112 driver.o
 .debug_info    0x00000112       0xfa main.o
 .debug_info    0x0000020c      0x1db startup.o

.debug_abbrev   0x00000000      0x276
 .debug_abbrev  0x00000000       0xc3 driver.o
 .debug_abbrev  0x000000c3       0xa7 main.o
 .debug_abbrev  0x0000016a      0x10c startup.o

.debug_loc      0x00000000      0x1e8
 .debug_loc     0x00000000      0x140 driver.o
 .debug_loc     0x00000140       0x2c main.o
 .debug_loc     0x0000016c       0x7c startup.o

.debug_aranges  0x00000000       0x60
 .debug_aranges
                0x00000000       0x20 driver.o
 .debug_aranges
                0x00000020       0x20 main.o
 .debug_aranges
                0x00000040       0x20 startup.o

.debug_line     0x00000000      0x351
 .debug_line    0x00000000      0x168 driver.o
 .debug_line    0x00000168       0x61 main.o
 .debug_line    0x000001c9      0x188 startup.o

.debug_str      0x00000000      0x21e
 .debug_str     0x00000000      0x17d driver.o
                                0x1bf (size before relaxing)
 .debug_str     0x0000017d       0x1b main.o
                                0x1b6 (size before relaxing)
 .debug_str     0x00000198       0x86 startup.o
                                0x1ed (size before relaxing)

.comment        0x00000000       0x45
 .comment       0x00000000       0x45 driver.o
                                 0x46 (size before relaxing)
 .comment       0x00000045       0x46 main.o
 .comment       0x00000045       0x46 startup.o

.ARM.attributes
                0x00000000       0x2e
 .ARM.attributes
                0x00000000       0x2e driver.o
 .ARM.attributes
                0x0000002e       0x2e main.o
 .ARM.attributes
                0x0000005c       0x2e startup.o

.debug_frame    0x00000000      0x11c
 .debug_frame   0x00000000       0xa0 driver.o
 .debug_frame   0x000000a0       0x2c main.o
 .debug_frame   0x000000cc       0x50 startup.o
