../Stm32_F103C6_Drivers/USART/Stm32_F103C6_USART.c:25:6:MCAL_UART_Init	24	static
../Stm32_F103C6_Drivers/USART/Stm32_F103C6_USART.c:106:6:MCAL_UART_DeInit	16	static
../Stm32_F103C6_Drivers/USART/Stm32_F103C6_USART.c:144:6:MCAL_UART_SendData	24	static
../Stm32_F103C6_Drivers/USART/Stm32_F103C6_USART.c:204:6:MCAL_UART_WAIT_TC	16	static
../Stm32_F103C6_Drivers/USART/Stm32_F103C6_USART.c:227:6:MCAL_UART_ReceiveData	24	static
../Stm32_F103C6_Drivers/USART/Stm32_F103C6_USART.c:339:6:MCAL_UART_GPIO_Set_Pins	24	static
../Stm32_F103C6_Drivers/USART/Stm32_F103C6_USART.c:439:6:USART1_IRQHandler	8	static
../Stm32_F103C6_Drivers/USART/Stm32_F103C6_USART.c:444:6:USART2_IRQHandler	8	static
../Stm32_F103C6_Drivers/USART/Stm32_F103C6_USART.c:449:6:USART3_IRQHandler	8	static
