Archive member included to satisfy reference by file (symbol)

c:/st/stm32cubeide_1.12.0/stm32cubeide/plugins/com.st.stm32cube.ide.mcu.externaltools.gnu-tools-for-stm32.10.3-2021.10.win32_1.0.200.202301161003/tools/bin/../lib/gcc/arm-none-eabi/10.3.1/../../../../arm-none-eabi/lib/thumb/v7-m/nofp\libc_nano.a(lib_a-errno.o)
                              ./Src/syscalls.o (__errno)
c:/st/stm32cubeide_1.12.0/stm32cubeide/plugins/com.st.stm32cube.ide.mcu.externaltools.gnu-tools-for-stm32.10.3-2021.10.win32_1.0.200.202301161003/tools/bin/../lib/gcc/arm-none-eabi/10.3.1/../../../../arm-none-eabi/lib/thumb/v7-m/nofp\libc_nano.a(lib_a-exit.o)
                              c:/st/stm32cubeide_1.12.0/stm32cubeide/plugins/com.st.stm32cube.ide.mcu.externaltools.gnu-tools-for-stm32.10.3-2021.10.win32_1.0.200.202301161003/tools/bin/../lib/gcc/arm-none-eabi/10.3.1/../../../../arm-none-eabi/lib/thumb/v7-m/nofp/crt0.o (exit)
c:/st/stm32cubeide_1.12.0/stm32cubeide/plugins/com.st.stm32cube.ide.mcu.externaltools.gnu-tools-for-stm32.10.3-2021.10.win32_1.0.200.202301161003/tools/bin/../lib/gcc/arm-none-eabi/10.3.1/../../../../arm-none-eabi/lib/thumb/v7-m/nofp\libc_nano.a(lib_a-impure.o)
                              c:/st/stm32cubeide_1.12.0/stm32cubeide/plugins/com.st.stm32cube.ide.mcu.externaltools.gnu-tools-for-stm32.10.3-2021.10.win32_1.0.200.202301161003/tools/bin/../lib/gcc/arm-none-eabi/10.3.1/../../../../arm-none-eabi/lib/thumb/v7-m/nofp\libc_nano.a(lib_a-exit.o) (_global_impure_ptr)
c:/st/stm32cubeide_1.12.0/stm32cubeide/plugins/com.st.stm32cube.ide.mcu.externaltools.gnu-tools-for-stm32.10.3-2021.10.win32_1.0.200.202301161003/tools/bin/../lib/gcc/arm-none-eabi/10.3.1/../../../../arm-none-eabi/lib/thumb/v7-m/nofp\libc_nano.a(lib_a-init.o)
                              c:/st/stm32cubeide_1.12.0/stm32cubeide/plugins/com.st.stm32cube.ide.mcu.externaltools.gnu-tools-for-stm32.10.3-2021.10.win32_1.0.200.202301161003/tools/bin/../lib/gcc/arm-none-eabi/10.3.1/../../../../arm-none-eabi/lib/thumb/v7-m/nofp/crt0.o (__libc_init_array)
c:/st/stm32cubeide_1.12.0/stm32cubeide/plugins/com.st.stm32cube.ide.mcu.externaltools.gnu-tools-for-stm32.10.3-2021.10.win32_1.0.200.202301161003/tools/bin/../lib/gcc/arm-none-eabi/10.3.1/../../../../arm-none-eabi/lib/thumb/v7-m/nofp\libc_nano.a(lib_a-memset.o)
                              c:/st/stm32cubeide_1.12.0/stm32cubeide/plugins/com.st.stm32cube.ide.mcu.externaltools.gnu-tools-for-stm32.10.3-2021.10.win32_1.0.200.202301161003/tools/bin/../lib/gcc/arm-none-eabi/10.3.1/../../../../arm-none-eabi/lib/thumb/v7-m/nofp/crt0.o (memset)
c:/st/stm32cubeide_1.12.0/stm32cubeide/plugins/com.st.stm32cube.ide.mcu.externaltools.gnu-tools-for-stm32.10.3-2021.10.win32_1.0.200.202301161003/tools/bin/../lib/gcc/arm-none-eabi/10.3.1/../../../../arm-none-eabi/lib/thumb/v7-m/nofp\libc_nano.a(lib_a-sprintf.o)
                              ./HAL/LCD/lcd.o (sprintf)
c:/st/stm32cubeide_1.12.0/stm32cubeide/plugins/com.st.stm32cube.ide.mcu.externaltools.gnu-tools-for-stm32.10.3-2021.10.win32_1.0.200.202301161003/tools/bin/../lib/gcc/arm-none-eabi/10.3.1/../../../../arm-none-eabi/lib/thumb/v7-m/nofp\libc_nano.a(lib_a-strcmp.o)
                              ./MY_RTOS/Scheduler.o (strcmp)
c:/st/stm32cubeide_1.12.0/stm32cubeide/plugins/com.st.stm32cube.ide.mcu.externaltools.gnu-tools-for-stm32.10.3-2021.10.win32_1.0.200.202301161003/tools/bin/../lib/gcc/arm-none-eabi/10.3.1/../../../../arm-none-eabi/lib/thumb/v7-m/nofp\libc_nano.a(lib_a-nano-svfprintf.o)
                              c:/st/stm32cubeide_1.12.0/stm32cubeide/plugins/com.st.stm32cube.ide.mcu.externaltools.gnu-tools-for-stm32.10.3-2021.10.win32_1.0.200.202301161003/tools/bin/../lib/gcc/arm-none-eabi/10.3.1/../../../../arm-none-eabi/lib/thumb/v7-m/nofp\libc_nano.a(lib_a-sprintf.o) (_svfprintf_r)
c:/st/stm32cubeide_1.12.0/stm32cubeide/plugins/com.st.stm32cube.ide.mcu.externaltools.gnu-tools-for-stm32.10.3-2021.10.win32_1.0.200.202301161003/tools/bin/../lib/gcc/arm-none-eabi/10.3.1/../../../../arm-none-eabi/lib/thumb/v7-m/nofp\libc_nano.a(lib_a-nano-vfprintf_i.o)
                              c:/st/stm32cubeide_1.12.0/stm32cubeide/plugins/com.st.stm32cube.ide.mcu.externaltools.gnu-tools-for-stm32.10.3-2021.10.win32_1.0.200.202301161003/tools/bin/../lib/gcc/arm-none-eabi/10.3.1/../../../../arm-none-eabi/lib/thumb/v7-m/nofp\libc_nano.a(lib_a-nano-svfprintf.o) (_printf_i)
c:/st/stm32cubeide_1.12.0/stm32cubeide/plugins/com.st.stm32cube.ide.mcu.externaltools.gnu-tools-for-stm32.10.3-2021.10.win32_1.0.200.202301161003/tools/bin/../lib/gcc/arm-none-eabi/10.3.1/../../../../arm-none-eabi/lib/thumb/v7-m/nofp\libc_nano.a(lib_a-memchr-stub.o)
                              c:/st/stm32cubeide_1.12.0/stm32cubeide/plugins/com.st.stm32cube.ide.mcu.externaltools.gnu-tools-for-stm32.10.3-2021.10.win32_1.0.200.202301161003/tools/bin/../lib/gcc/arm-none-eabi/10.3.1/../../../../arm-none-eabi/lib/thumb/v7-m/nofp\libc_nano.a(lib_a-nano-svfprintf.o) (memchr)
[...]
Memory Configuration

Name             Origin             Length             Attributes
RAM              0x0000000020000000 0x0000000000005000 xrw
FLASH            0x0000000008000000 0x0000000000010000 xr
*default*        0x0000000000000000 0xffffffffffffffff

Linker script and memory map

LOAD c:/st/stm32cubeide_1.12.0/stm32cubeide/plugins/com.st.stm32cube.ide.mcu.externaltools.gnu-tools-for-stm32.10.3-2021.10.win32_1.0.200.202301161003/tools/bin/../lib/gcc/arm-none-eabi/10.3.1/thumb/v7-m/nofp/crti.o
LOAD c:/st/stm32cubeide_1.12.0/stm32cubeide/plugins/com.st.stm32cube.ide.mcu.externaltools.gnu-tools-for-stm32.10.3-2021.10.win32_1.0.200.202301161003/tools/bin/../lib/gcc/arm-none-eabi/10.3.1/thumb/v7-m/nofp/crtbegin.o
LOAD c:/st/stm32cubeide_1.12.0/stm32cubeide/plugins/com.st.stm32cube.ide.mcu.externaltools.gnu-tools-for-stm32.10.3-2021.10.win32_1.0.200.202301161003/tools/bin/../lib/gcc/arm-none-eabi/10.3.1/../../../../arm-none-eabi/lib/thumb/v7-m/nofp/crt0.o
LOAD ./HAL/LCD/lcd.o
LOAD ./MY_RTOS/CortexMX_OS_PORTING.o
LOAD ./MY_RTOS/My_RTOS_FIFO.o
LOAD ./MY_RTOS/Scheduler.o
LOAD ./Src/main.o
LOAD ./Src/syscalls.o
LOAD ./Src/sysmem.o
LOAD ./Startup/startup_stm32f103c8tx.o
LOAD ./Stm32F103c8t6_Drivers/EXTI/exti.o
LOAD ./Stm32F103c8t6_Drivers/GPIO/gpio.o
START GROUP
LOAD c:/st/stm32cubeide_1.12.0/stm32cubeide/plugins/com.st.stm32cube.ide.mcu.externaltools.gnu-tools-for-stm32.10.3-2021.10.win32_1.0.200.202301161003/tools/bin/../lib/gcc/arm-none-eabi/10.3.1/../../../../arm-none-eabi/lib/thumb/v7-m/nofp\libc_nano.a
LOAD c:/st/stm32cubeide_1.12.0/stm32cubeide/plugins/com.st.stm32cube.ide.mcu.externaltools.gnu-tools-for-stm32.10.3-2021.10.win32_1.0.200.202301161003/tools/bin/../lib/gcc/arm-none-eabi/10.3.1/../../../../arm-none-eabi/lib/thumb/v7-m/nofp\libm.a
END GROUP
START GROUP
LOAD c:/st/stm32cubeide_1.12.0/stm32cubeide/plugins/com.st.stm32cube.ide.mcu.externaltools.gnu-tools-for-stm32.10.3-2021.10.win32_1.0.200.202301161003/tools/bin/../lib/gcc/arm-none-eabi/10.3.1/thumb/v7-m/nofp\libgcc.a
LOAD c:/st/stm32cubeide_1.12.0/stm32cubeide/plugins/com.st.stm32cube.ide.mcu.externaltools.gnu-tools-for-stm32.10.3-2021.10.win32_1.0.200.202301161003/tools/bin/../lib/gcc/arm-none-eabi/10.3.1/../../../../arm-none-eabi/lib/thumb/v7-m/nofp\libc_nano.a
END GROUP
START GROUP
LOAD c:/st/stm32cubeide_1.12.0/stm32cubeide/plugins/com.st.stm32cube.ide.mcu.externaltools.gnu-tools-for-stm32.10.3-2021.10.win32_1.0.200.202301161003/tools/bin/../lib/gcc/arm-none-eabi/10.3.1/thumb/v7-m/nofp\libgcc.a
LOAD c:/st/stm32cubeide_1.12.0/stm32cubeide/plugins/com.st.stm32cube.ide.mcu.externaltools.gnu-tools-for-stm32.10.3-2021.10.win32_1.0.200.202301161003/tools/bin/../lib/gcc/arm-none-eabi/10.3.1/../../../../arm-none-eabi/lib/thumb/v7-m/nofp\libc_nano.a
LOAD c:/st/stm32cubeide_1.12.0/stm32cubeide/plugins/com.st.stm32cube.ide.mcu.externaltools.gnu-tools-for-stm32.10.3-2021.10.win32_1.0.200.202301161003/tools/bin/../lib/gcc/arm-none-eabi/10.3.1/../../../../arm-none-eabi/lib/thumb/v7-m/nofp\libnosys.a
END GROUP
START GROUP
LOAD c:/st/stm32cubeide_1.12.0/stm32cubeide/plugins/com.st.stm32cube.ide.mcu.externaltools.gnu-tools-for-stm32.10.3-2021.10.win32_1.0.200.202301161003/tools/bin/../lib/gcc/arm-none-eabi/10.3.1/thumb/v7-m/nofp\libgcc.a
LOAD c:/st/stm32cubeide_1.12.0/stm32cubeide/plugins/com.st.stm32cube.ide.mcu.externaltools.gnu-tools-for-stm32.10.3-2021.10.win32_1.0.200.202301161003/tools/bin/../lib/gcc/arm-none-eabi/10.3.1/../../../../arm-none-eabi/lib/thumb/v7-m/nofp\libc_nano.a
LOAD c:/st/stm32cubeide_1.12.0/stm32cubeide/plugins/com.st.stm32cube.ide.mcu.externaltools.gnu-tools-for-stm32.10.3-2021.10.win32_1.0.200.202301161003/tools/bin/../lib/gcc/arm-none-eabi/10.3.1/../../../../arm-none-eabi/lib/thumb/v7-m/nofp\libnosys.a
END GROUP
LOAD c:/st/stm32cubeide_1.12.0/stm32cubeide/plugins/com.st.stm32cube.ide.mcu.externaltools.gnu-tools-for-stm32.10.3-2021.10.win32_1.0.200.202301161003/tools/bin/../lib/gcc/arm-none-eabi/10.3.1/thumb/v7-m/nofp/crtend.o
LOAD c:/st/stm32cubeide_1.12.0/stm32cubeide/plugins/com.st.stm32cube.ide.mcu.externaltools.gnu-tools-for-stm32.10.3-2021.10.win32_1.0.200.202301161003/tools/bin/../lib/gcc/arm-none-eabi/10.3.1/thumb/v7-m/nofp/crtn.o
                0x0000000020005000                _estack = (ORIGIN (RAM) + LENGTH (RAM))
                0x0000000000000200                _Min_Heap_Size = 0x200
                0x0000000000000400                _Min_Stack_Size = 0x400

.isr_vector     0x0000000008000000      0x130
                0x0000000008000000                . = ALIGN (0x4)
 *(.isr_vector)
 .isr_vector    0x0000000008000000      0x130 ./Startup/startup_stm32f103c8tx.o
                0x0000000008000000                g_pfnVectors
                0x0000000008000130                . = ALIGN (0x4)

.text           0x0000000008000130     0x1064
                0x0000000008000130                . = ALIGN (0x4)
 *(.text)
 .text          0x0000000008000130       0x40 c:/st/stm32cubeide_1.12.0/stm32cubeide/plugins/com.st.stm32cube.ide.mcu.externaltools.gnu-tools-for-stm32.10.3-2021.10.win32_1.0.200.202301161003/tools/bin/../lib/gcc/arm-none-eabi/10.3.1/thumb/v7-m/nofp/crtbegin.o
 .text          0x0000000008000170       0x14 c:/st/stm32cubeide_1.12.0/stm32cubeide/plugins/com.st.stm32cube.ide.mcu.externaltools.gnu-tools-for-stm32.10.3-2021.10.win32_1.0.200.202301161003/tools/bin/../lib/gcc/arm-none-eabi/10.3.1/../../../../arm-none-eabi/lib/thumb/v7-m/nofp\libc_nano.a(lib_a-strcmp.o)
                0x0000000008000170                strcmp
 *(.text*)
 .text.__NVIC_SetPriority
                0x0000000008000184       0x54 ./MY_RTOS/CortexMX_OS_PORTING.o
 .text.SysTick_Config
                0x00000000080001d8       0x54 ./MY_RTOS/CortexMX_OS_PORTING.o
 .text.HardFault_Handler
                0x000000000800022c        0x6 ./MY_RTOS/CortexMX_OS_PORTING.o
                0x000000000800022c                HardFault_Handler
 .text.MemManage_Handler
                0x0000000008000232        0x6 ./MY_RTOS/CortexMX_OS_PORTING.o
                0x0000000008000232                MemManage_Handler
 .text.BusFault_Handler
                0x0000000008000238        0x6 ./MY_RTOS/CortexMX_OS_PORTING.o
                0x0000000008000238                BusFault_Handler
 .text.UsageFault_Handler
                0x000000000800023e        0x6 ./MY_RTOS/CortexMX_OS_PORTING.o
                0x000000000800023e                UsageFault_Handler
 .text.SVC_Handler
                0x0000000008000244       0x14 ./MY_RTOS/CortexMX_OS_PORTING.o
                0x0000000008000244                SVC_Handler
 .text.HW_Init  0x0000000008000258       0x12 ./MY_RTOS/CortexMX_OS_PORTING.o
                0x0000000008000258                HW_Init
 *fill*         0x000000000800026a        0x2 
 .text.Trigger_OS_PENDSV
                0x000000000800026c       0x1c ./MY_RTOS/CortexMX_OS_PORTING.o
                0x000000000800026c                Trigger_OS_PENDSV
 .text.Start_Ticker
                0x0000000008000288       0x10 ./MY_RTOS/CortexMX_OS_PORTING.o
                0x0000000008000288                Start_Ticker
 .text.SysTick_Handler
                0x0000000008000298       0x28 ./MY_RTOS/CortexMX_OS_PORTING.o
                0x0000000008000298                SysTick_Handler
 .text.FIFO_init
                0x00000000080002c0       0x44 ./MY_RTOS/My_RTOS_FIFO.o
                0x00000000080002c0                FIFO_init
 .text.FIFO_enqueue
                0x0000000008000304       0x84 ./MY_RTOS/My_RTOS_FIFO.o
                0x0000000008000304                FIFO_enqueue
 .text.FIFO_dequeue
                0x0000000008000388       0x7a ./MY_RTOS/My_RTOS_FIFO.o
                0x0000000008000388                FIFO_dequeue
 *fill*         0x0000000008000402        0x2 
 .text.PendSV_Handler
                0x0000000008000404      0x1c4 ./MY_RTOS/Scheduler.o
                0x0000000008000404                PendSV_Handler
 .text.MYRTOS_IdleTask
                0x00000000080005c8       0x1c ./MY_RTOS/Scheduler.o
                0x00000000080005c8                MYRTOS_IdleTask
 .text.MYRTOS_Create_MainStack
                0x00000000080005e4       0x3c ./MY_RTOS/Scheduler.o
                0x00000000080005e4                MYRTOS_Create_MainStack
 .text.MYRTOS_init
                0x0000000008000620       0x80 ./MY_RTOS/Scheduler.o
                0x0000000008000620                MYRTOS_init
 .text.MyRTOS_Create_TaskStack
                0x00000000080006a0       0x7e ./MY_RTOS/Scheduler.o
                0x00000000080006a0                MyRTOS_Create_TaskStack
 *fill*         0x000000000800071e        0x2 
 .text.MYRTOS_CreateTask
                0x0000000008000720       0x7c ./MY_RTOS/Scheduler.o
                0x0000000008000720                MYRTOS_CreateTask
 .text.bubbleSort
                0x000000000800079c       0x90 ./MY_RTOS/Scheduler.o
                0x000000000800079c                bubbleSort
 .text.MyRTOS_Update_Schadule_tables
                0x000000000800082c       0xd0 ./MY_RTOS/Scheduler.o
                0x000000000800082c                MyRTOS_Update_Schadule_tables
 .text.Decide_whatNext
                0x00000000080008fc       0xa4 ./MY_RTOS/Scheduler.o
                0x00000000080008fc                Decide_whatNext
 .text.OS_SVC   0x00000000080009a0       0x6c ./MY_RTOS/Scheduler.o
                0x00000000080009a0                OS_SVC
 .text.MYRTOS_OS_SVC_Set
                0x0000000008000a0c       0x4c ./MY_RTOS/Scheduler.o
                0x0000000008000a0c                MYRTOS_OS_SVC_Set
 .text.MYRTOS_ActivateTask
                0x0000000008000a58       0x1e ./MY_RTOS/Scheduler.o
                0x0000000008000a58                MYRTOS_ActivateTask
 .text.MYRTOS_TerminateTask
                0x0000000008000a76       0x1e ./MY_RTOS/Scheduler.o
                0x0000000008000a76                MYRTOS_TerminateTask
 .text.MYRTOS_STARTOS
                0x0000000008000a94       0x5c ./MY_RTOS/Scheduler.o
                0x0000000008000a94                MYRTOS_STARTOS
 .text.MYRTOS_Update_TasksWaitingTime
                0x0000000008000af0       0x8c ./MY_RTOS/Scheduler.o
                0x0000000008000af0                MYRTOS_Update_TasksWaitingTime
 .text.MYRTOS_AcquireMutex
                0x0000000008000b7c       0x46 ./MY_RTOS/Scheduler.o
                0x0000000008000b7c                MYRTOS_AcquireMutex
 .text.MYRTOS_ReleaseMutex
                0x0000000008000bc2       0x36 ./MY_RTOS/Scheduler.o
                0x0000000008000bc2                MYRTOS_ReleaseMutex
 .text.task1    0x0000000008000bf8       0x5c ./Src/main.o
                0x0000000008000bf8                task1
 .text.task2    0x0000000008000c54       0x50 ./Src/main.o
                0x0000000008000c54                task2
 .text.task3    0x0000000008000ca4       0x50 ./Src/main.o
                0x0000000008000ca4                task3
 .text.task4    0x0000000008000cf4       0x58 ./Src/main.o
                0x0000000008000cf4                task4
 .text.main     0x0000000008000d4c      0x174 ./Src/main.o
                0x0000000008000d4c                main
 .text.Reset_Handler
                0x0000000008000ec0       0x50 ./Startup/startup_stm32f103c8tx.o
                0x0000000008000ec0                Reset_Handler
 .text.Default_Handler
                0x0000000008000f10        0x2 ./Startup/startup_stm32f103c8tx.o
                0x0000000008000f10                TIM8_TRG_COM_IRQHandler
                0x0000000008000f10                TIM8_CC_IRQHandler
                0x0000000008000f10                DebugMon_Handler
                0x0000000008000f10                TIM1_CC_IRQHandler
                0x0000000008000f10                TIM6_IRQHandler
                0x0000000008000f10                PVD_IRQHandler
                0x0000000008000f10                SDIO_IRQHandler
                0x0000000008000f10                NMI_Handler
                0x0000000008000f10                USB_HP_CAN_TX_IRQHandler
                0x0000000008000f10                I2C2_EV_IRQHandler
                0x0000000008000f10                ADC1_2_IRQHandler
                0x0000000008000f10                SPI1_IRQHandler
                0x0000000008000f10                CAN_SCE_IRQHandler
                0x0000000008000f10                TAMPER_IRQHandler
                0x0000000008000f10                TIM8_UP_IRQHandler
                0x0000000008000f10                DMA2_Channel2_IRQHandler
                0x0000000008000f10                DMA1_Channel4_IRQHandler
                0x0000000008000f10                USART3_IRQHandler
                0x0000000008000f10                RTC_IRQHandler
                0x0000000008000f10                DMA1_Channel7_IRQHandler
                0x0000000008000f10                UART5_IRQHandler
                0x0000000008000f10                ADC3_IRQHandler
                0x0000000008000f10                TIM4_IRQHandler
                0x0000000008000f10                CAN_RX1_IRQHandler
                0x0000000008000f10                DMA2_Channel1_IRQHandler
                0x0000000008000f10                I2C1_EV_IRQHandler
                0x0000000008000f10                DMA1_Channel6_IRQHandler
                0x0000000008000f10                UART4_IRQHandler
                0x0000000008000f10                TIM3_IRQHandler
                0x0000000008000f10                RCC_IRQHandler
                0x0000000008000f10                TIM1_TRG_COM_IRQHandler
                0x0000000008000f10                DMA1_Channel1_IRQHandler
                0x0000000008000f10                Default_Handler
                0x0000000008000f10                TIM7_IRQHandler
                0x0000000008000f10                TIM5_IRQHandler
                0x0000000008000f10                SPI2_IRQHandler
                0x0000000008000f10                USB_LP_CAN_RX0_IRQHandler
                0x0000000008000f10                DMA1_Channel5_IRQHandler
                0x0000000008000f10                DMA1_Channel3_IRQHandler
                0x0000000008000f10                FSMC_IRQHandler
                0x0000000008000f10                TIM1_UP_IRQHandler
                0x0000000008000f10                WWDG_IRQHandler
                0x0000000008000f10                TIM2_IRQHandler
                0x0000000008000f10                TIM1_BRK_IRQHandler
                0x0000000008000f10                RTCAlarm_IRQHandler
                0x0000000008000f10                DMA2_Channel4_5_IRQHandler
                0x0000000008000f10                USART2_IRQHandler
                0x0000000008000f10                I2C2_ER_IRQHandler
                0x0000000008000f10                DMA1_Channel2_IRQHandler
                0x0000000008000f10                TIM8_BRK_IRQHandler
                0x0000000008000f10                FLASH_IRQHandler
                0x0000000008000f10                USART1_IRQHandler
                0x0000000008000f10                SPI3_IRQHandler
                0x0000000008000f10                I2C1_ER_IRQHandler
                0x0000000008000f10                DMA2_Channel3_IRQHandler
 *fill*         0x0000000008000f12        0x2 
 .text.EXTI0_IRQHandler
                0x0000000008000f14       0x24 ./Stm32F103c8t6_Drivers/EXTI/exti.o
                0x0000000008000f14                EXTI0_IRQHandler
 .text.EXTI1_IRQHandler
                0x0000000008000f38       0x24 ./Stm32F103c8t6_Drivers/EXTI/exti.o
                0x0000000008000f38                EXTI1_IRQHandler
 .text.EXTI2_IRQHandler
                0x0000000008000f5c       0x24 ./Stm32F103c8t6_Drivers/EXTI/exti.o
                0x0000000008000f5c                EXTI2_IRQHandler
 .text.EXTI3_IRQHandler
                0x0000000008000f80       0x24 ./Stm32F103c8t6_Drivers/EXTI/exti.o
                0x0000000008000f80                EXTI3_IRQHandler
 .text.EXTI4_IRQHandler
                0x0000000008000fa4       0x24 ./Stm32F103c8t6_Drivers/EXTI/exti.o
                0x0000000008000fa4                EXTI4_IRQHandler
 .text.EXTI9_5_IRQHandler
                0x0000000008000fc8       0xa8 ./Stm32F103c8t6_Drivers/EXTI/exti.o
                0x0000000008000fc8                EXTI9_5_IRQHandler
 .text.EXTI15_10_IRQHandler
                0x0000000008001070       0xc4 ./Stm32F103c8t6_Drivers/EXTI/exti.o
                0x0000000008001070                EXTI15_10_IRQHandler
 .text.__libc_init_array
                0x0000000008001134       0x48 c:/st/stm32cubeide_1.12.0/stm32cubeide/plugins/com.st.stm32cube.ide.mcu.externaltools.gnu-tools-for-stm32.10.3-2021.10.win32_1.0.200.202301161003/tools/bin/../lib/gcc/arm-none-eabi/10.3.1/../../../../arm-none-eabi/lib/thumb/v7-m/nofp\libc_nano.a(lib_a-init.o)
                0x0000000008001134                __libc_init_array
 *(.glue_7)
 .glue_7        0x000000000800117c        0x0 linker stubs
 *(.glue_7t)
 .glue_7t       0x000000000800117c        0x0 linker stubs
 *(.eh_frame)
 .eh_frame      0x000000000800117c        0x0 c:/st/stm32cubeide_1.12.0/stm32cubeide/plugins/com.st.stm32cube.ide.mcu.externaltools.gnu-tools-for-stm32.10.3-2021.10.win32_1.0.200.202301161003/tools/bin/../lib/gcc/arm-none-eabi/10.3.1/thumb/v7-m/nofp/crtbegin.o
 *(.init)
 .init          0x000000000800117c        0x4 c:/st/stm32cubeide_1.12.0/stm32cubeide/plugins/com.st.stm32cube.ide.mcu.externaltools.gnu-tools-for-stm32.10.3-2021.10.win32_1.0.200.202301161003/tools/bin/../lib/gcc/arm-none-eabi/10.3.1/thumb/v7-m/nofp/crti.o
                0x000000000800117c                _init
 .init          0x0000000008001180        0x8 c:/st/stm32cubeide_1.12.0/stm32cubeide/plugins/com.st.stm32cube.ide.mcu.externaltools.gnu-tools-for-stm32.10.3-2021.10.win32_1.0.200.202301161003/tools/bin/../lib/gcc/arm-none-eabi/10.3.1/thumb/v7-m/nofp/crtn.o
 *(.fini)
 .fini          0x0000000008001188        0x4 c:/st/stm32cubeide_1.12.0/stm32cubeide/plugins/com.st.stm32cube.ide.mcu.externaltools.gnu-tools-for-stm32.10.3-2021.10.win32_1.0.200.202301161003/tools/bin/../lib/gcc/arm-none-eabi/10.3.1/thumb/v7-m/nofp/crti.o
                0x0000000008001188                _fini
 .fini          0x000000000800118c        0x8 c:/st/stm32cubeide_1.12.0/stm32cubeide/plugins/com.st.stm32cube.ide.mcu.externaltools.gnu-tools-for-stm32.10.3-2021.10.win32_1.0.200.202301161003/tools/bin/../lib/gcc/arm-none-eabi/10.3.1/thumb/v7-m/nofp/crtn.o
                0x0000000008001194                . = ALIGN (0x4)
                0x0000000008001194                _etext = .

.vfp11_veneer   0x0000000008001194        0x0
 .vfp11_veneer  0x0000000008001194        0x0 linker stubs

.v4_bx          0x0000000008001194        0x0
 .v4_bx         0x0000000008001194        0x0 linker stubs

.iplt           0x0000000008001194        0x0
 .iplt          0x0000000008001194        0x0 c:/st/stm32cubeide_1.12.0/stm32cubeide/plugins/com.st.stm32cube.ide.mcu.externaltools.gnu-tools-for-stm32.10.3-2021.10.win32_1.0.200.202301161003/tools/bin/../lib/gcc/arm-none-eabi/10.3.1/thumb/v7-m/nofp/crtbegin.o

.rodata         0x0000000008001194       0x34
                0x0000000008001194                . = ALIGN (0x4)
 *(.rodata)
 .rodata        0x0000000008001194        0x9 ./MY_RTOS/Scheduler.o
 *fill*         0x000000000800119d        0x3 
 .rodata        0x00000000080011a0       0x27 ./Src/main.o
 *(.rodata*)
                0x00000000080011c8                . = ALIGN (0x4)
 *fill*         0x00000000080011c7        0x1 

.rel.dyn        0x00000000080011c8        0x0
 .rel.iplt      0x00000000080011c8        0x0 c:/st/stm32cubeide_1.12.0/stm32cubeide/plugins/com.st.stm32cube.ide.mcu.externaltools.gnu-tools-for-stm32.10.3-2021.10.win32_1.0.200.202301161003/tools/bin/../lib/gcc/arm-none-eabi/10.3.1/thumb/v7-m/nofp/crtbegin.o

.ARM.extab      0x00000000080011c8        0x0
                0x00000000080011c8                . = ALIGN (0x4)
 *(.ARM.extab* .gnu.linkonce.armextab.*)
                0x00000000080011c8                . = ALIGN (0x4)

.ARM            0x00000000080011c8        0x0
                0x00000000080011c8                . = ALIGN (0x4)
                0x00000000080011c8                __exidx_start = .
 *(.ARM.exidx*)
                0x00000000080011c8                __exidx_end = .
                0x00000000080011c8                . = ALIGN (0x4)

.preinit_array  0x00000000080011c8        0x0
                0x00000000080011c8                . = ALIGN (0x4)
                0x00000000080011c8                PROVIDE (__preinit_array_start = .)
 *(.preinit_array*)
                0x00000000080011c8                PROVIDE (__preinit_array_end = .)
                0x00000000080011c8                . = ALIGN (0x4)

.init_array     0x00000000080011c8        0x4
                0x00000000080011c8                . = ALIGN (0x4)
                0x00000000080011c8                PROVIDE (__init_array_start = .)
 *(SORT_BY_NAME(.init_array.*))
 *(.init_array*)
 .init_array    0x00000000080011c8        0x4 c:/st/stm32cubeide_1.12.0/stm32cubeide/plugins/com.st.stm32cube.ide.mcu.externaltools.gnu-tools-for-stm32.10.3-2021.10.win32_1.0.200.202301161003/tools/bin/../lib/gcc/arm-none-eabi/10.3.1/thumb/v7-m/nofp/crtbegin.o
                0x00000000080011cc                PROVIDE (__init_array_end = .)
                0x00000000080011cc                . = ALIGN (0x4)

.fini_array     0x00000000080011cc        0x4
                0x00000000080011cc                . = ALIGN (0x4)
                [!provide]                        PROVIDE (__fini_array_start = .)
 *(SORT_BY_NAME(.fini_array.*))
 *(.fini_array*)
 .fini_array    0x00000000080011cc        0x4 c:/st/stm32cubeide_1.12.0/stm32cubeide/plugins/com.st.stm32cube.ide.mcu.externaltools.gnu-tools-for-stm32.10.3-2021.10.win32_1.0.200.202301161003/tools/bin/../lib/gcc/arm-none-eabi/10.3.1/thumb/v7-m/nofp/crtbegin.o
                [!provide]                        PROVIDE (__fini_array_end = .)
                0x00000000080011d0                . = ALIGN (0x4)
                0x00000000080011d0                _sidata = LOADADDR (.data)

.data           0x0000000020000000        0x4 load address 0x00000000080011d0
                0x0000000020000000                . = ALIGN (0x4)
                0x0000000020000000                _sdata = .
 *(.data)
 *(.data*)
 .data.payload  0x0000000020000000        0x3 ./Src/main.o
                0x0000000020000000                payload
 *(.RamFunc)
 *(.RamFunc*)
                0x0000000020000004                . = ALIGN (0x4)
 *fill*         0x0000000020000003        0x1 
                0x0000000020000004                _edata = .

.igot.plt       0x0000000020000004        0x0 load address 0x00000000080011d4
 .igot.plt      0x0000000020000004        0x0 c:/st/stm32cubeide_1.12.0/stm32cubeide/plugins/com.st.stm32cube.ide.mcu.externaltools.gnu-tools-for-stm32.10.3-2021.10.win32_1.0.200.202301161003/tools/bin/../lib/gcc/arm-none-eabi/10.3.1/thumb/v7-m/nofp/crtbegin.o
                0x0000000020000004                . = ALIGN (0x4)

.bss            0x0000000020000004      0x548 load address 0x00000000080011d4
                0x0000000020000004                _sbss = .
                0x0000000020000004                __bss_start__ = _sbss
 *(.bss)
 .bss           0x0000000020000004       0x1c c:/st/stm32cubeide_1.12.0/stm32cubeide/plugins/com.st.stm32cube.ide.mcu.externaltools.gnu-tools-for-stm32.10.3-2021.10.win32_1.0.200.202301161003/tools/bin/../lib/gcc/arm-none-eabi/10.3.1/thumb/v7-m/nofp/crtbegin.o
 *(.bss*)
 .bss.SysTickLED
                0x0000000020000020        0x1 ./MY_RTOS/CortexMX_OS_PORTING.o
                0x0000000020000020                SysTickLED
 *fill*         0x0000000020000021        0x3 
 .bss.OS_Control
                0x0000000020000024      0x1ac ./MY_RTOS/Scheduler.o
                0x0000000020000024                OS_Control
 .bss.Ready_QUEUE
                0x00000000200001d0       0x14 ./MY_RTOS/Scheduler.o
                0x00000000200001d0                Ready_QUEUE
 .bss.Ready_QUEUE_FIFO
                0x00000000200001e4      0x190 ./MY_RTOS/Scheduler.o
                0x00000000200001e4                Ready_QUEUE_FIFO
 .bss.MYRTOS_idleTask
                0x0000000020000374       0x44 ./MY_RTOS/Scheduler.o
                0x0000000020000374                MYRTOS_idleTask
 .bss.IdleTaskLed
                0x00000000200003b8        0x1 ./MY_RTOS/Scheduler.o
                0x00000000200003b8                IdleTaskLed
 *fill*         0x00000000200003b9        0x3 
 .bss.Task1     0x00000000200003bc       0x44 ./Src/main.o
                0x00000000200003bc                Task1
 .bss.Task2     0x0000000020000400       0x44 ./Src/main.o
                0x0000000020000400                Task2
 .bss.Task3     0x0000000020000444       0x44 ./Src/main.o
                0x0000000020000444                Task3
 .bss.Task4     0x0000000020000488       0x44 ./Src/main.o
                0x0000000020000488                Task4
 .bss.Task1LED  0x00000000200004cc        0x1 ./Src/main.o
                0x00000000200004cc                Task1LED
 .bss.Task2LED  0x00000000200004cd        0x1 ./Src/main.o
                0x00000000200004cd                Task2LED
 .bss.Task3LED  0x00000000200004ce        0x1 ./Src/main.o
                0x00000000200004ce                Task3LED
 .bss.Task4LED  0x00000000200004cf        0x1 ./Src/main.o
                0x00000000200004cf                Task4LED
 .bss.Mutex1    0x00000000200004d0       0x30 ./Src/main.o
                0x00000000200004d0                Mutex1
 .bss.Count.3   0x0000000020000500        0x4 ./Src/main.o
 .bss.Count.2   0x0000000020000504        0x4 ./Src/main.o
 .bss.Count.1   0x0000000020000508        0x4 ./Src/main.o
 .bss.Count.0   0x000000002000050c        0x4 ./Src/main.o
 .bss.GP_IRQ_callBack
                0x0000000020000510       0x3c ./Stm32F103c8t6_Drivers/EXTI/exti.o
                0x0000000020000510                GP_IRQ_callBack
 *(COMMON)
                0x000000002000054c                . = ALIGN (0x4)
                0x000000002000054c                _ebss = .
                0x000000002000054c                __bss_end__ = _ebss

._user_heap_stack
                0x000000002000054c      0x604 load address 0x00000000080011d4
                0x0000000020000550                . = ALIGN (0x8)
 *fill*         0x000000002000054c        0x4 
                [!provide]                        PROVIDE (end = .)
                0x0000000020000550                PROVIDE (_end = .)
                0x0000000020000750                . = (. + _Min_Heap_Size)
 *fill*         0x0000000020000550      0x200 
                0x0000000020000b50                . = (. + _Min_Stack_Size)
 *fill*         0x0000000020000750      0x400 
                0x0000000020000b50                . = ALIGN (0x8)
                0x0000000020000b50                _eheap = .

/DISCARD/
 libc.a(*)
 libm.a(*)
 libgcc.a(*)

.ARM.attributes
                0x0000000000000000       0x29
 *(.ARM.attributes)
 .ARM.attributes
                0x0000000000000000       0x1d c:/st/stm32cubeide_1.12.0/stm32cubeide/plugins/com.st.stm32cube.ide.mcu.externaltools.gnu-tools-for-stm32.10.3-2021.10.win32_1.0.200.202301161003/tools/bin/../lib/gcc/arm-none-eabi/10.3.1/thumb/v7-m/nofp/crti.o
 .ARM.attributes
                0x000000000000001d       0x2d c:/st/stm32cubeide_1.12.0/stm32cubeide/plugins/com.st.stm32cube.ide.mcu.externaltools.gnu-tools-for-stm32.10.3-2021.10.win32_1.0.200.202301161003/tools/bin/../lib/gcc/arm-none-eabi/10.3.1/thumb/v7-m/nofp/crtbegin.o
 .ARM.attributes
                0x000000000000004a       0x2d ./MY_RTOS/CortexMX_OS_PORTING.o
 .ARM.attributes
                0x0000000000000077       0x2d ./MY_RTOS/My_RTOS_FIFO.o
 .ARM.attributes
                0x00000000000000a4       0x2d ./MY_RTOS/Scheduler.o
 .ARM.attributes
                0x00000000000000d1       0x2d ./Src/main.o
 .ARM.attributes
                0x00000000000000fe       0x21 ./Startup/startup_stm32f103c8tx.o
 .ARM.attributes
                0x000000000000011f       0x2d ./Stm32F103c8t6_Drivers/EXTI/exti.o
 .ARM.attributes
                0x000000000000014c       0x2d c:/st/stm32cubeide_1.12.0/stm32cubeide/plugins/com.st.stm32cube.ide.mcu.externaltools.gnu-tools-for-stm32.10.3-2021.10.win32_1.0.200.202301161003/tools/bin/../lib/gcc/arm-none-eabi/10.3.1/../../../../arm-none-eabi/lib/thumb/v7-m/nofp\libc_nano.a(lib_a-init.o)
 .ARM.attributes
                0x0000000000000179       0x1b c:/st/stm32cubeide_1.12.0/stm32cubeide/plugins/com.st.stm32cube.ide.mcu.externaltools.gnu-tools-for-stm32.10.3-2021.10.win32_1.0.200.202301161003/tools/bin/../lib/gcc/arm-none-eabi/10.3.1/../../../../arm-none-eabi/lib/thumb/v7-m/nofp\libc_nano.a(lib_a-strcmp.o)
 .ARM.attributes
                0x0000000000000194       0x1d c:/st/stm32cubeide_1.12.0/stm32cubeide/plugins/com.st.stm32cube.ide.mcu.externaltools.gnu-tools-for-stm32.10.3-2021.10.win32_1.0.200.202301161003/tools/bin/../lib/gcc/arm-none-eabi/10.3.1/thumb/v7-m/nofp/crtn.o
OUTPUT(Arm_Modes.axf elf32-littlearm)
LOAD linker stubs
LOAD c:/st/stm32cubeide_1.12.0/stm32cubeide/plugins/com.st.stm32cube.ide.mcu.externaltools.gnu-tools-for-stm32.10.3-2021.10.win32_1.0.200.202301161003/tools/bin/../lib/gcc/arm-none-eabi/10.3.1/../../../../arm-none-eabi/lib/thumb/v7-m/nofp\libc.a
LOAD c:/st/stm32cubeide_1.12.0/stm32cubeide/plugins/com.st.stm32cube.ide.mcu.externaltools.gnu-tools-for-stm32.10.3-2021.10.win32_1.0.200.202301161003/tools/bin/../lib/gcc/arm-none-eabi/10.3.1/../../../../arm-none-eabi/lib/thumb/v7-m/nofp\libm.a
LOAD c:/st/stm32cubeide_1.12.0/stm32cubeide/plugins/com.st.stm32cube.ide.mcu.externaltools.gnu-tools-for-stm32.10.3-2021.10.win32_1.0.200.202301161003/tools/bin/../lib/gcc/arm-none-eabi/10.3.1/thumb/v7-m/nofp\libgcc.a

.debug_info     0x0000000000000000     0x1a4b
 .debug_info    0x0000000000000000      0x5e8 ./MY_RTOS/CortexMX_OS_PORTING.o
 .debug_info    0x00000000000005e8      0x33b ./MY_RTOS/My_RTOS_FIFO.o
 .debug_info    0x0000000000000923      0x7f4 ./MY_RTOS/Scheduler.o
 .debug_info    0x0000000000001117      0x46a ./Src/main.o
 .debug_info    0x0000000000001581       0x22 ./Startup/startup_stm32f103c8tx.o
 .debug_info    0x00000000000015a3      0x4a8 ./Stm32F103c8t6_Drivers/EXTI/exti.o

.debug_abbrev   0x0000000000000000      0x8e5
 .debug_abbrev  0x0000000000000000      0x1e6 ./MY_RTOS/CortexMX_OS_PORTING.o
 .debug_abbrev  0x00000000000001e6      0x101 ./MY_RTOS/My_RTOS_FIFO.o
 .debug_abbrev  0x00000000000002e7      0x2d3 ./MY_RTOS/Scheduler.o
 .debug_abbrev  0x00000000000005ba      0x181 ./Src/main.o
 .debug_abbrev  0x000000000000073b       0x12 ./Startup/startup_stm32f103c8tx.o
 .debug_abbrev  0x000000000000074d      0x198 ./Stm32F103c8t6_Drivers/EXTI/exti.o

.debug_aranges  0x0000000000000000      0x240
 .debug_aranges
                0x0000000000000000       0x70 ./MY_RTOS/CortexMX_OS_PORTING.o
 .debug_aranges
                0x0000000000000070       0x40 ./MY_RTOS/My_RTOS_FIFO.o
 .debug_aranges
                0x00000000000000b0       0xa8 ./MY_RTOS/Scheduler.o
 .debug_aranges
                0x0000000000000158       0x40 ./Src/main.o
 .debug_aranges
                0x0000000000000198       0x28 ./Startup/startup_stm32f103c8tx.o
 .debug_aranges
                0x00000000000001c0       0x80 ./Stm32F103c8t6_Drivers/EXTI/exti.o

.debug_ranges   0x0000000000000000      0x1e8
 .debug_ranges  0x0000000000000000       0x60 ./MY_RTOS/CortexMX_OS_PORTING.o
 .debug_ranges  0x0000000000000060       0x30 ./MY_RTOS/My_RTOS_FIFO.o
 .debug_ranges  0x0000000000000090       0x98 ./MY_RTOS/Scheduler.o
 .debug_ranges  0x0000000000000128       0x30 ./Src/main.o
 .debug_ranges  0x0000000000000158       0x20 ./Startup/startup_stm32f103c8tx.o
 .debug_ranges  0x0000000000000178       0x70 ./Stm32F103c8t6_Drivers/EXTI/exti.o

.debug_macro    0x0000000000000000     0x1f18
 .debug_macro   0x0000000000000000       0xcb ./MY_RTOS/CortexMX_OS_PORTING.o
 .debug_macro   0x00000000000000cb       0x28 ./MY_RTOS/CortexMX_OS_PORTING.o
 .debug_macro   0x00000000000000f3       0x8e ./MY_RTOS/CortexMX_OS_PORTING.o
 .debug_macro   0x0000000000000181       0x51 ./MY_RTOS/CortexMX_OS_PORTING.o
 .debug_macro   0x00000000000001d2       0x1c ./MY_RTOS/CortexMX_OS_PORTING.o
 .debug_macro   0x00000000000001ee       0x22 ./MY_RTOS/CortexMX_OS_PORTING.o
 .debug_macro   0x0000000000000210       0xdf ./MY_RTOS/CortexMX_OS_PORTING.o
 .debug_macro   0x00000000000002ef      0xe3c ./MY_RTOS/CortexMX_OS_PORTING.o
 .debug_macro   0x000000000000112b       0x2e ./MY_RTOS/CortexMX_OS_PORTING.o
 .debug_macro   0x0000000000001159      0x231 ./MY_RTOS/My_RTOS_FIFO.o
 .debug_macro   0x000000000000138a       0x16 ./MY_RTOS/My_RTOS_FIFO.o
 .debug_macro   0x00000000000013a0       0x97 ./MY_RTOS/My_RTOS_FIFO.o
 .debug_macro   0x0000000000001437       0xfd ./MY_RTOS/My_RTOS_FIFO.o
 .debug_macro   0x0000000000001534      0x23b ./MY_RTOS/Scheduler.o
 .debug_macro   0x000000000000176f       0x52 ./MY_RTOS/Scheduler.o
 .debug_macro   0x00000000000017c1      0x2d0 ./Src/main.o
 .debug_macro   0x0000000000001a91      0x222 ./Src/main.o
 .debug_macro   0x0000000000001cb3      0x18f ./Stm32F103c8t6_Drivers/EXTI/exti.o
 .debug_macro   0x0000000000001e42       0xd6 ./Stm32F103c8t6_Drivers/EXTI/exti.o

.debug_line     0x0000000000000000     0x2ca9
 .debug_line    0x0000000000000000      0x5b8 ./MY_RTOS/CortexMX_OS_PORTING.o
 .debug_line    0x00000000000005b8      0x7db ./MY_RTOS/My_RTOS_FIFO.o
 .debug_line    0x0000000000000d93      0xc6f ./MY_RTOS/Scheduler.o
 .debug_line    0x0000000000001a02      0x87f ./Src/main.o
 .debug_line    0x0000000000002281       0x84 ./Startup/startup_stm32f103c8tx.o
 .debug_line    0x0000000000002305      0x9a4 ./Stm32F103c8t6_Drivers/EXTI/exti.o

.debug_str      0x0000000000000000    0x10337
 .debug_str     0x0000000000000000     0x97eb ./MY_RTOS/CortexMX_OS_PORTING.o
                                       0x9986 (size before relaxing)
 .debug_str     0x00000000000097eb     0x419d ./MY_RTOS/My_RTOS_FIFO.o
                                       0xd822 (size before relaxing)
 .debug_str     0x000000000000d988      0x351 ./MY_RTOS/Scheduler.o
                                       0xdb8b (size before relaxing)
 .debug_str     0x000000000000dcd9     0x2374 ./Src/main.o
                                       0xfbf8 (size before relaxing)
 .debug_str     0x000000000001004d       0x31 ./Startup/startup_stm32f103c8tx.o
                                         0x5f (size before relaxing)
 .debug_str     0x000000000001007e      0x2b9 ./Stm32F103c8t6_Drivers/EXTI/exti.o
                                       0x8f16 (size before relaxing)

.comment        0x0000000000000000       0x50
 .comment       0x0000000000000000       0x50 ./MY_RTOS/CortexMX_OS_PORTING.o
                                         0x51 (size before relaxing)
 .comment       0x0000000000000050       0x51 ./MY_RTOS/My_RTOS_FIFO.o
 .comment       0x0000000000000050       0x51 ./MY_RTOS/Scheduler.o
 .comment       0x0000000000000050       0x51 ./Src/main.o
 .comment       0x0000000000000050       0x51 ./Stm32F103c8t6_Drivers/EXTI/exti.o

.debug_frame    0x0000000000000000      0x724
 .debug_frame   0x0000000000000000      0x140 ./MY_RTOS/CortexMX_OS_PORTING.o
 .debug_frame   0x0000000000000140       0xd8 ./MY_RTOS/My_RTOS_FIFO.o
 .debug_frame   0x0000000000000218      0x270 ./MY_RTOS/Scheduler.o
 .debug_frame   0x0000000000000488       0xa0 ./Src/main.o
 .debug_frame   0x0000000000000528      0x1b0 ./Stm32F103c8t6_Drivers/EXTI/exti.o
 .debug_frame   0x00000000000006d8       0x2c c:/st/stm32cubeide_1.12.0/stm32cubeide/plugins/com.st.stm32cube.ide.mcu.externaltools.gnu-tools-for-stm32.10.3-2021.10.win32_1.0.200.202301161003/tools/bin/../lib/gcc/arm-none-eabi/10.3.1/../../../../arm-none-eabi/lib/thumb/v7-m/nofp\libc_nano.a(lib_a-init.o)
 .debug_frame   0x0000000000000704       0x20 c:/st/stm32cubeide_1.12.0/stm32cubeide/plugins/com.st.stm32cube.ide.mcu.externaltools.gnu-tools-for-stm32.10.3-2021.10.win32_1.0.200.202301161003/tools/bin/../lib/gcc/arm-none-eabi/10.3.1/../../../../arm-none-eabi/lib/thumb/v7-m/nofp\libc_nano.a(lib_a-strcmp.o)
