Archive member included to satisfy reference by file (symbol)

c:/st/stm32cubeide_1.12.0/stm32cubeide/plugins/com.st.stm32cube.ide.mcu.externaltools.gnu-tools-for-stm32.10.3-2021.10.win32_1.0.200.202301161003/tools/bin/../lib/gcc/arm-none-eabi/10.3.1/../../../../arm-none-eabi/lib/thumb/v7-m/nofp\libc_nano.a(lib_a-errno.o)
                              ./Src/syscalls.o (__errno)
c:/st/stm32cubeide_1.12.0/stm32cubeide/plugins/com.st.stm32cube.ide.mcu.externaltools.gnu-tools-for-stm32.10.3-2021.10.win32_1.0.200.202301161003/tools/bin/../lib/gcc/arm-none-eabi/10.3.1/../../../../arm-none-eabi/lib/thumb/v7-m/nofp\libc_nano.a(lib_a-exit.o)
                              c:/st/stm32cubeide_1.12.0/stm32cubeide/plugins/com.st.stm32cube.ide.mcu.externaltools.gnu-tools-for-stm32.10.3-2021.10.win32_1.0.200.202301161003/tools/bin/../lib/gcc/arm-none-eabi/10.3.1/../../../../arm-none-eabi/lib/thumb/v7-m/nofp/crt0.o (exit)
c:/st/stm32cubeide_1.12.0/stm32cubeide/plugins/com.st.stm32cube.ide.mcu.externaltools.gnu-tools-for-stm32.10.3-2021.10.win32_1.0.200.202301161003/tools/bin/../lib/gcc/arm-none-eabi/10.3.1/../../../../arm-none-eabi/lib/thumb/v7-m/nofp\libc_nano.a(lib_a-impure.o)
                              c:/st/stm32cubeide_1.12.0/stm32cubeide/plugins/com.st.stm32cube.ide.mcu.externaltools.gnu-tools-for-stm32.10.3-2021.10.win32_1.0.200.202301161003/tools/bin/../lib/gcc/arm-none-eabi/10.3.1/../../../../arm-none-eabi/lib/thumb/v7-m/nofp\libc_nano.a(lib_a-exit.o) (_global_impure_ptr)
c:/st/stm32cubeide_1.12.0/stm32cubeide/plugins/com.st.stm32cube.ide.mcu.externaltools.gnu-tools-for-stm32.10.3-2021.10.win32_1.0.200.202301161003/tools/bin/../lib/gcc/arm-none-eabi/10.3.1/../../../../arm-none-eabi/lib/thumb/v7-m/nofp\libc_nano.a(lib_a-init.o)
                              c:/st/stm32cubeide_1.12.0/stm32cubeide/plugins/com.st.stm32cube.ide.mcu.externaltools.gnu-tools-for-stm32.10.3-2021.10.win32_1.0.200.202301161003/tools/bin/../lib/gcc/arm-none-eabi/10.3.1/../../../../arm-none-eabi/lib/thumb/v7-m/nofp/crt0.o (__libc_init_array)
c:/st/stm32cubeide_1.12.0/stm32cubeide/plugins/com.st.stm32cube.ide.mcu.externaltools.gnu-tools-for-stm32.10.3-2021.10.win32_1.0.200.202301161003/tools/bin/../lib/gcc/arm-none-eabi/10.3.1/../../../../arm-none-eabi/lib/thumb/v7-m/nofp\libc_nano.a(lib_a-memset.o)
                              c:/st/stm32cubeide_1.12.0/stm32cubeide/plugins/com.st.stm32cube.ide.mcu.externaltools.gnu-tools-for-stm32.10.3-2021.10.win32_1.0.200.202301161003/tools/bin/../lib/gcc/arm-none-eabi/10.3.1/../../../../arm-none-eabi/lib/thumb/v7-m/nofp/crt0.o (memset)
c:/st/stm32cubeide_1.12.0/stm32cubeide/plugins/com.st.stm32cube.ide.mcu.externaltools.gnu-tools-for-stm32.10.3-2021.10.win32_1.0.200.202301161003/tools/bin/../lib/gcc/arm-none-eabi/10.3.1/../../../../arm-none-eabi/lib/thumb/v7-m/nofp\libc_nano.a(lib_a-sprintf.o)
                              ./HAL/LCD/lcd.o (sprintf)
c:/st/stm32cubeide_1.12.0/stm32cubeide/plugins/com.st.stm32cube.ide.mcu.externaltools.gnu-tools-for-stm32.10.3-2021.10.win32_1.0.200.202301161003/tools/bin/../lib/gcc/arm-none-eabi/10.3.1/../../../../arm-none-eabi/lib/thumb/v7-m/nofp\libc_nano.a(lib_a-nano-svfprintf.o)
                              c:/st/stm32cubeide_1.12.0/stm32cubeide/plugins/com.st.stm32cube.ide.mcu.externaltools.gnu-tools-for-stm32.10.3-2021.10.win32_1.0.200.202301161003/tools/bin/../lib/gcc/arm-none-eabi/10.3.1/../../../../arm-none-eabi/lib/thumb/v7-m/nofp\libc_nano.a(lib_a-sprintf.o) (_svfprintf_r)
c:/st/stm32cubeide_1.12.0/stm32cubeide/plugins/com.st.stm32cube.ide.mcu.externaltools.gnu-tools-for-stm32.10.3-2021.10.win32_1.0.200.202301161003/tools/bin/../lib/gcc/arm-none-eabi/10.3.1/../../../../arm-none-eabi/lib/thumb/v7-m/nofp\libc_nano.a(lib_a-nano-vfprintf_i.o)
                              c:/st/stm32cubeide_1.12.0/stm32cubeide/plugins/com.st.stm32cube.ide.mcu.externaltools.gnu-tools-for-stm32.10.3-2021.10.win32_1.0.200.202301161003/tools/bin/../lib/gcc/arm-none-eabi/10.3.1/../../../../arm-none-eabi/lib/thumb/v7-m/nofp\libc_nano.a(lib_a-nano-svfprintf.o) (_printf_i)
c:/st/stm32cubeide_1.12.0/stm32cubeide/plugins/com.st.stm32cube.ide.mcu.externaltools.gnu-tools-for-stm32.10.3-2021.10.win32_1.0.200.202301161003/tools/bin/../lib/gcc/arm-none-eabi/10.3.1/../../../../arm-none-eabi/lib/thumb/v7-m/nofp\libc_nano.a(lib_a-memchr-stub.o)
                              c:/st/stm32cubeide_1.12.0/stm32cubeide/plugins/com.st.stm32cube.ide.mcu.externaltools.gnu-tools-for-stm32.10.3-2021.10.win32_1.0.200.202301161003/tools/bin/../lib/gcc/arm-none-eabi/10.3.1/../../../../arm-none-eabi/lib/thumb/v7-m/nofp\libc_nano.a(lib_a-nano-svfprintf.o) (memchr)
c:/st/stm32cubeide_1.12.0/stm32cubeide/plugins/com.st.stm32cube.ide.mcu.externaltools.gnu-tools-for-stm32.10.3-2021.10.win32_1.0.200.202301161003/tools/bin/../lib/gcc/arm-none-eabi/10.3.1/../../../../arm-none-eabi/lib/thumb/v7-m/nofp\libc_nano.a(lib_a-memcpy-stub.o)
[...]
Memory Configuration

Name             Origin             Length             Attributes
RAM              0x0000000020000000 0x0000000000005000 xrw
FLASH            0x0000000008000000 0x0000000000010000 xr
*default*        0x0000000000000000 0xffffffffffffffff

Linker script and memory map

LOAD c:/st/stm32cubeide_1.12.0/stm32cubeide/plugins/com.st.stm32cube.ide.mcu.externaltools.gnu-tools-for-stm32.10.3-2021.10.win32_1.0.200.202301161003/tools/bin/../lib/gcc/arm-none-eabi/10.3.1/thumb/v7-m/nofp/crti.o
LOAD c:/st/stm32cubeide_1.12.0/stm32cubeide/plugins/com.st.stm32cube.ide.mcu.externaltools.gnu-tools-for-stm32.10.3-2021.10.win32_1.0.200.202301161003/tools/bin/../lib/gcc/arm-none-eabi/10.3.1/thumb/v7-m/nofp/crtbegin.o
LOAD c:/st/stm32cubeide_1.12.0/stm32cubeide/plugins/com.st.stm32cube.ide.mcu.externaltools.gnu-tools-for-stm32.10.3-2021.10.win32_1.0.200.202301161003/tools/bin/../lib/gcc/arm-none-eabi/10.3.1/../../../../arm-none-eabi/lib/thumb/v7-m/nofp/crt0.o
LOAD ./HAL/LCD/lcd.o
LOAD ./Src/main.o
LOAD ./Src/syscalls.o
LOAD ./Src/sysmem.o
LOAD ./Startup/startup_stm32f103c8tx.o
LOAD ./Stm32F103c8t6_Drivers/EXTI/exti.o
LOAD ./Stm32F103c8t6_Drivers/GPIO/gpio.o
START GROUP
LOAD c:/st/stm32cubeide_1.12.0/stm32cubeide/plugins/com.st.stm32cube.ide.mcu.externaltools.gnu-tools-for-stm32.10.3-2021.10.win32_1.0.200.202301161003/tools/bin/../lib/gcc/arm-none-eabi/10.3.1/../../../../arm-none-eabi/lib/thumb/v7-m/nofp\libc_nano.a
LOAD c:/st/stm32cubeide_1.12.0/stm32cubeide/plugins/com.st.stm32cube.ide.mcu.externaltools.gnu-tools-for-stm32.10.3-2021.10.win32_1.0.200.202301161003/tools/bin/../lib/gcc/arm-none-eabi/10.3.1/../../../../arm-none-eabi/lib/thumb/v7-m/nofp\libm.a
END GROUP
START GROUP
LOAD c:/st/stm32cubeide_1.12.0/stm32cubeide/plugins/com.st.stm32cube.ide.mcu.externaltools.gnu-tools-for-stm32.10.3-2021.10.win32_1.0.200.202301161003/tools/bin/../lib/gcc/arm-none-eabi/10.3.1/thumb/v7-m/nofp\libgcc.a
LOAD c:/st/stm32cubeide_1.12.0/stm32cubeide/plugins/com.st.stm32cube.ide.mcu.externaltools.gnu-tools-for-stm32.10.3-2021.10.win32_1.0.200.202301161003/tools/bin/../lib/gcc/arm-none-eabi/10.3.1/../../../../arm-none-eabi/lib/thumb/v7-m/nofp\libc_nano.a
END GROUP
START GROUP
LOAD c:/st/stm32cubeide_1.12.0/stm32cubeide/plugins/com.st.stm32cube.ide.mcu.externaltools.gnu-tools-for-stm32.10.3-2021.10.win32_1.0.200.202301161003/tools/bin/../lib/gcc/arm-none-eabi/10.3.1/thumb/v7-m/nofp\libgcc.a
LOAD c:/st/stm32cubeide_1.12.0/stm32cubeide/plugins/com.st.stm32cube.ide.mcu.externaltools.gnu-tools-for-stm32.10.3-2021.10.win32_1.0.200.202301161003/tools/bin/../lib/gcc/arm-none-eabi/10.3.1/../../../../arm-none-eabi/lib/thumb/v7-m/nofp\libc_nano.a
LOAD c:/st/stm32cubeide_1.12.0/stm32cubeide/plugins/com.st.stm32cube.ide.mcu.externaltools.gnu-tools-for-stm32.10.3-2021.10.win32_1.0.200.202301161003/tools/bin/../lib/gcc/arm-none-eabi/10.3.1/../../../../arm-none-eabi/lib/thumb/v7-m/nofp\libnosys.a
END GROUP
START GROUP
LOAD c:/st/stm32cubeide_1.12.0/stm32cubeide/plugins/com.st.stm32cube.ide.mcu.externaltools.gnu-tools-for-stm32.10.3-2021.10.win32_1.0.200.202301161003/tools/bin/../lib/gcc/arm-none-eabi/10.3.1/thumb/v7-m/nofp\libgcc.a
LOAD c:/st/stm32cubeide_1.12.0/stm32cubeide/plugins/com.st.stm32cube.ide.mcu.externaltools.gnu-tools-for-stm32.10.3-2021.10.win32_1.0.200.202301161003/tools/bin/../lib/gcc/arm-none-eabi/10.3.1/../../../../arm-none-eabi/lib/thumb/v7-m/nofp\libc_nano.a
LOAD c:/st/stm32cubeide_1.12.0/stm32cubeide/plugins/com.st.stm32cube.ide.mcu.externaltools.gnu-tools-for-stm32.10.3-2021.10.win32_1.0.200.202301161003/tools/bin/../lib/gcc/arm-none-eabi/10.3.1/../../../../arm-none-eabi/lib/thumb/v7-m/nofp\libnosys.a
END GROUP
LOAD c:/st/stm32cubeide_1.12.0/stm32cubeide/plugins/com.st.stm32cube.ide.mcu.externaltools.gnu-tools-for-stm32.10.3-2021.10.win32_1.0.200.202301161003/tools/bin/../lib/gcc/arm-none-eabi/10.3.1/thumb/v7-m/nofp/crtend.o
LOAD c:/st/stm32cubeide_1.12.0/stm32cubeide/plugins/com.st.stm32cube.ide.mcu.externaltools.gnu-tools-for-stm32.10.3-2021.10.win32_1.0.200.202301161003/tools/bin/../lib/gcc/arm-none-eabi/10.3.1/thumb/v7-m/nofp/crtn.o
                0x0000000020005000                _estack = (ORIGIN (RAM) + LENGTH (RAM))
                0x0000000000000200                _Min_Heap_Size = 0x200
                0x0000000000000400                _Min_Stack_Size = 0x400

.isr_vector     0x0000000008000000      0x130
                0x0000000008000000                . = ALIGN (0x4)
 *(.isr_vector)
 .isr_vector    0x0000000008000000      0x130 ./Startup/startup_stm32f103c8tx.o
                0x0000000008000000                g_pfnVectors
                0x0000000008000130                . = ALIGN (0x4)

.text           0x0000000008000130      0xc84
                0x0000000008000130                . = ALIGN (0x4)
 *(.text)
 .text          0x0000000008000130       0x40 c:/st/stm32cubeide_1.12.0/stm32cubeide/plugins/com.st.stm32cube.ide.mcu.externaltools.gnu-tools-for-stm32.10.3-2021.10.win32_1.0.200.202301161003/tools/bin/../lib/gcc/arm-none-eabi/10.3.1/thumb/v7-m/nofp/crtbegin.o
 *(.text*)
 .text.delay_ms
                0x0000000008000170       0x3a ./HAL/LCD/lcd.o
 *fill*         0x00000000080001aa        0x2 
 .text.LCD_GPIO_init
                0x00000000080001ac      0x158 ./HAL/LCD/lcd.o
                0x00000000080001ac                LCD_GPIO_init
 .text.lcd_kick
                0x0000000008000304       0x2c ./HAL/LCD/lcd.o
                0x0000000008000304                lcd_kick
 .text.lcd_send_command
                0x0000000008000330       0x44 ./HAL/LCD/lcd.o
                0x0000000008000330                lcd_send_command
 .text.lcd_init
                0x0000000008000374       0x34 ./HAL/LCD/lcd.o
                0x0000000008000374                lcd_init
 .text.lcd_clear
                0x00000000080003a8        0xe ./HAL/LCD/lcd.o
                0x00000000080003a8                lcd_clear
 .text.Switch_CPU_Access_level
                0x00000000080003b6       0x58 ./Src/main.o
                0x00000000080003b6                Switch_CPU_Access_level
 *fill*         0x000000000800040e        0x2 
 .text.IRQ_EXTI9_callback
                0x0000000008000410       0x18 ./Src/main.o
                0x0000000008000410                IRQ_EXTI9_callback
 .text.main     0x0000000008000428       0x74 ./Src/main.o
                0x0000000008000428                main
 .text.Reset_Handler
                0x000000000800049c       0x50 ./Startup/startup_stm32f103c8tx.o
                0x000000000800049c                Reset_Handler
 .text.Default_Handler
                0x00000000080004ec        0x2 ./Startup/startup_stm32f103c8tx.o
                0x00000000080004ec                TIM8_TRG_COM_IRQHandler
                0x00000000080004ec                TIM8_CC_IRQHandler
                0x00000000080004ec                DebugMon_Handler
                0x00000000080004ec                TIM1_CC_IRQHandler
                0x00000000080004ec                HardFault_Handler
                0x00000000080004ec                TIM6_IRQHandler
                0x00000000080004ec                SysTick_Handler
                0x00000000080004ec                PVD_IRQHandler
                0x00000000080004ec                SDIO_IRQHandler
                0x00000000080004ec                PendSV_Handler
                0x00000000080004ec                NMI_Handler
                0x00000000080004ec                USB_HP_CAN_TX_IRQHandler
                0x00000000080004ec                I2C2_EV_IRQHandler
                0x00000000080004ec                UsageFault_Handler
                0x00000000080004ec                ADC1_2_IRQHandler
                0x00000000080004ec                SPI1_IRQHandler
                0x00000000080004ec                CAN_SCE_IRQHandler
                0x00000000080004ec                TAMPER_IRQHandler
                0x00000000080004ec                TIM8_UP_IRQHandler
                0x00000000080004ec                DMA2_Channel2_IRQHandler
                0x00000000080004ec                DMA1_Channel4_IRQHandler
                0x00000000080004ec                USART3_IRQHandler
                0x00000000080004ec                RTC_IRQHandler
                0x00000000080004ec                DMA1_Channel7_IRQHandler
                0x00000000080004ec                UART5_IRQHandler
                0x00000000080004ec                ADC3_IRQHandler
                0x00000000080004ec                TIM4_IRQHandler
                0x00000000080004ec                CAN_RX1_IRQHandler
                0x00000000080004ec                DMA2_Channel1_IRQHandler
                0x00000000080004ec                I2C1_EV_IRQHandler
                0x00000000080004ec                DMA1_Channel6_IRQHandler
                0x00000000080004ec                UART4_IRQHandler
                0x00000000080004ec                TIM3_IRQHandler
                0x00000000080004ec                RCC_IRQHandler
                0x00000000080004ec                TIM1_TRG_COM_IRQHandler
                0x00000000080004ec                DMA1_Channel1_IRQHandler
                0x00000000080004ec                Default_Handler
                0x00000000080004ec                TIM7_IRQHandler
                0x00000000080004ec                TIM5_IRQHandler
                0x00000000080004ec                SPI2_IRQHandler
                0x00000000080004ec                USB_LP_CAN_RX0_IRQHandler
                0x00000000080004ec                MemManage_Handler
                0x00000000080004ec                SVC_Handler
                0x00000000080004ec                DMA1_Channel5_IRQHandler
                0x00000000080004ec                DMA1_Channel3_IRQHandler
                0x00000000080004ec                FSMC_IRQHandler
                0x00000000080004ec                TIM1_UP_IRQHandler
                0x00000000080004ec                WWDG_IRQHandler
                0x00000000080004ec                TIM2_IRQHandler
                0x00000000080004ec                TIM1_BRK_IRQHandler
                0x00000000080004ec                RTCAlarm_IRQHandler
                0x00000000080004ec                DMA2_Channel4_5_IRQHandler
                0x00000000080004ec                USART2_IRQHandler
                0x00000000080004ec                I2C2_ER_IRQHandler
                0x00000000080004ec                DMA1_Channel2_IRQHandler
                0x00000000080004ec                TIM8_BRK_IRQHandler
                0x00000000080004ec                FLASH_IRQHandler
                0x00000000080004ec                BusFault_Handler
                0x00000000080004ec                USART1_IRQHandler
                0x00000000080004ec                SPI3_IRQHandler
                0x00000000080004ec                I2C1_ER_IRQHandler
                0x00000000080004ec                DMA2_Channel3_IRQHandler
 *fill*         0x00000000080004ee        0x2 
 .text.Enable_NVIC
                0x00000000080004f0       0xcc ./Stm32F103c8t6_Drivers/EXTI/exti.o
                0x00000000080004f0                Enable_NVIC
 .text.Disable_NVIC
                0x00000000080005bc       0xcc ./Stm32F103c8t6_Drivers/EXTI/exti.o
                0x00000000080005bc                Disable_NVIC
 .text.MCAL_EXTI_Init
                0x0000000008000688       0x16 ./Stm32F103c8t6_Drivers/EXTI/exti.o
                0x0000000008000688                MCAL_EXTI_Init
 *fill*         0x000000000800069e        0x2 
 .text.update_EXTI
                0x00000000080006a0      0x1e0 ./Stm32F103c8t6_Drivers/EXTI/exti.o
                0x00000000080006a0                update_EXTI
 .text.EXTI0_IRQHandler
                0x0000000008000880       0x24 ./Stm32F103c8t6_Drivers/EXTI/exti.o
                0x0000000008000880                EXTI0_IRQHandler
 .text.EXTI1_IRQHandler
                0x00000000080008a4       0x24 ./Stm32F103c8t6_Drivers/EXTI/exti.o
                0x00000000080008a4                EXTI1_IRQHandler
 .text.EXTI2_IRQHandler
                0x00000000080008c8       0x24 ./Stm32F103c8t6_Drivers/EXTI/exti.o
                0x00000000080008c8                EXTI2_IRQHandler
 .text.EXTI3_IRQHandler
                0x00000000080008ec       0x24 ./Stm32F103c8t6_Drivers/EXTI/exti.o
                0x00000000080008ec                EXTI3_IRQHandler
 .text.EXTI4_IRQHandler
                0x0000000008000910       0x24 ./Stm32F103c8t6_Drivers/EXTI/exti.o
                0x0000000008000910                EXTI4_IRQHandler
 .text.EXTI9_5_IRQHandler
                0x0000000008000934       0xa8 ./Stm32F103c8t6_Drivers/EXTI/exti.o
                0x0000000008000934                EXTI9_5_IRQHandler
 .text.EXTI15_10_IRQHandler
                0x00000000080009dc       0xc4 ./Stm32F103c8t6_Drivers/EXTI/exti.o
                0x00000000080009dc                EXTI15_10_IRQHandler
 .text.Get_Bit_Location
                0x0000000008000aa0      0x170 ./Stm32F103c8t6_Drivers/GPIO/gpio.o
                0x0000000008000aa0                Get_Bit_Location
 .text.MCAL_GPIO_Init
                0x0000000008000c10       0xf8 ./Stm32F103c8t6_Drivers/GPIO/gpio.o
                0x0000000008000c10                MCAL_GPIO_Init
 .text.MCAL_GPIO_WritePort
                0x0000000008000d08       0x1c ./Stm32F103c8t6_Drivers/GPIO/gpio.o
                0x0000000008000d08                MCAL_GPIO_WritePort
 .text.MCAL_GPIO_WritePin
                0x0000000008000d24       0x2e ./Stm32F103c8t6_Drivers/GPIO/gpio.o
                0x0000000008000d24                MCAL_GPIO_WritePin
 *fill*         0x0000000008000d52        0x2 
 .text.__libc_init_array
                0x0000000008000d54       0x48 c:/st/stm32cubeide_1.12.0/stm32cubeide/plugins/com.st.stm32cube.ide.mcu.externaltools.gnu-tools-for-stm32.10.3-2021.10.win32_1.0.200.202301161003/tools/bin/../lib/gcc/arm-none-eabi/10.3.1/../../../../arm-none-eabi/lib/thumb/v7-m/nofp\libc_nano.a(lib_a-init.o)
                0x0000000008000d54                __libc_init_array
 *(.glue_7)
 .glue_7        0x0000000008000d9c        0x0 linker stubs
 *(.glue_7t)
 .glue_7t       0x0000000008000d9c        0x0 linker stubs
 *(.eh_frame)
 .eh_frame      0x0000000008000d9c        0x0 c:/st/stm32cubeide_1.12.0/stm32cubeide/plugins/com.st.stm32cube.ide.mcu.externaltools.gnu-tools-for-stm32.10.3-2021.10.win32_1.0.200.202301161003/tools/bin/../lib/gcc/arm-none-eabi/10.3.1/thumb/v7-m/nofp/crtbegin.o
 *(.init)
 .init          0x0000000008000d9c        0x4 c:/st/stm32cubeide_1.12.0/stm32cubeide/plugins/com.st.stm32cube.ide.mcu.externaltools.gnu-tools-for-stm32.10.3-2021.10.win32_1.0.200.202301161003/tools/bin/../lib/gcc/arm-none-eabi/10.3.1/thumb/v7-m/nofp/crti.o
                0x0000000008000d9c                _init
 .init          0x0000000008000da0        0x8 c:/st/stm32cubeide_1.12.0/stm32cubeide/plugins/com.st.stm32cube.ide.mcu.externaltools.gnu-tools-for-stm32.10.3-2021.10.win32_1.0.200.202301161003/tools/bin/../lib/gcc/arm-none-eabi/10.3.1/thumb/v7-m/nofp/crtn.o
 *(.fini)
 .fini          0x0000000008000da8        0x4 c:/st/stm32cubeide_1.12.0/stm32cubeide/plugins/com.st.stm32cube.ide.mcu.externaltools.gnu-tools-for-stm32.10.3-2021.10.win32_1.0.200.202301161003/tools/bin/../lib/gcc/arm-none-eabi/10.3.1/thumb/v7-m/nofp/crti.o
                0x0000000008000da8                _fini
 .fini          0x0000000008000dac        0x8 c:/st/stm32cubeide_1.12.0/stm32cubeide/plugins/com.st.stm32cube.ide.mcu.externaltools.gnu-tools-for-stm32.10.3-2021.10.win32_1.0.200.202301161003/tools/bin/../lib/gcc/arm-none-eabi/10.3.1/thumb/v7-m/nofp/crtn.o
                0x0000000008000db4                . = ALIGN (0x4)
                0x0000000008000db4                _etext = .

.vfp11_veneer   0x0000000008000db4        0x0
 .vfp11_veneer  0x0000000008000db4        0x0 linker stubs

.v4_bx          0x0000000008000db4        0x0
 .v4_bx         0x0000000008000db4        0x0 linker stubs

.iplt           0x0000000008000db4        0x0
 .iplt          0x0000000008000db4        0x0 c:/st/stm32cubeide_1.12.0/stm32cubeide/plugins/com.st.stm32cube.ide.mcu.externaltools.gnu-tools-for-stm32.10.3-2021.10.win32_1.0.200.202301161003/tools/bin/../lib/gcc/arm-none-eabi/10.3.1/thumb/v7-m/nofp/crtbegin.o

.rodata         0x0000000008000db4        0xc
                0x0000000008000db4                . = ALIGN (0x4)
 *(.rodata)
 .rodata        0x0000000008000db4        0xc ./Src/main.o
 *(.rodata*)
                0x0000000008000dc0                . = ALIGN (0x4)

.rel.dyn        0x0000000008000dc0        0x0
 .rel.iplt      0x0000000008000dc0        0x0 c:/st/stm32cubeide_1.12.0/stm32cubeide/plugins/com.st.stm32cube.ide.mcu.externaltools.gnu-tools-for-stm32.10.3-2021.10.win32_1.0.200.202301161003/tools/bin/../lib/gcc/arm-none-eabi/10.3.1/thumb/v7-m/nofp/crtbegin.o

.ARM.extab      0x0000000008000dc0        0x0
                0x0000000008000dc0                . = ALIGN (0x4)
 *(.ARM.extab* .gnu.linkonce.armextab.*)
                0x0000000008000dc0                . = ALIGN (0x4)

.ARM            0x0000000008000dc0        0x0
                0x0000000008000dc0                . = ALIGN (0x4)
                0x0000000008000dc0                __exidx_start = .
 *(.ARM.exidx*)
                0x0000000008000dc0                __exidx_end = .
                0x0000000008000dc0                . = ALIGN (0x4)

.preinit_array  0x0000000008000dc0        0x0
                0x0000000008000dc0                . = ALIGN (0x4)
                0x0000000008000dc0                PROVIDE (__preinit_array_start = .)
 *(.preinit_array*)
                0x0000000008000dc0                PROVIDE (__preinit_array_end = .)
                0x0000000008000dc0                . = ALIGN (0x4)

.init_array     0x0000000008000dc0        0x4
                0x0000000008000dc0                . = ALIGN (0x4)
                0x0000000008000dc0                PROVIDE (__init_array_start = .)
 *(SORT_BY_NAME(.init_array.*))
 *(.init_array*)
 .init_array    0x0000000008000dc0        0x4 c:/st/stm32cubeide_1.12.0/stm32cubeide/plugins/com.st.stm32cube.ide.mcu.externaltools.gnu-tools-for-stm32.10.3-2021.10.win32_1.0.200.202301161003/tools/bin/../lib/gcc/arm-none-eabi/10.3.1/thumb/v7-m/nofp/crtbegin.o
                0x0000000008000dc4                PROVIDE (__init_array_end = .)
                0x0000000008000dc4                . = ALIGN (0x4)

.fini_array     0x0000000008000dc4        0x4
                0x0000000008000dc4                . = ALIGN (0x4)
                [!provide]                        PROVIDE (__fini_array_start = .)
 *(SORT_BY_NAME(.fini_array.*))
 *(.fini_array*)
 .fini_array    0x0000000008000dc4        0x4 c:/st/stm32cubeide_1.12.0/stm32cubeide/plugins/com.st.stm32cube.ide.mcu.externaltools.gnu-tools-for-stm32.10.3-2021.10.win32_1.0.200.202301161003/tools/bin/../lib/gcc/arm-none-eabi/10.3.1/thumb/v7-m/nofp/crtbegin.o
                [!provide]                        PROVIDE (__fini_array_end = .)
                0x0000000008000dc8                . = ALIGN (0x4)
                0x0000000008000dc8                _sidata = LOADADDR (.data)

.data           0x0000000020000000        0x0 load address 0x0000000008000dc8
                0x0000000020000000                . = ALIGN (0x4)
                0x0000000020000000                _sdata = .
 *(.data)
 *(.data*)
 *(.RamFunc)
 *(.RamFunc*)
                0x0000000020000000                . = ALIGN (0x4)
                0x0000000020000000                _edata = .

.igot.plt       0x0000000020000000        0x0 load address 0x0000000008000dc8
 .igot.plt      0x0000000020000000        0x0 c:/st/stm32cubeide_1.12.0/stm32cubeide/plugins/com.st.stm32cube.ide.mcu.externaltools.gnu-tools-for-stm32.10.3-2021.10.win32_1.0.200.202301161003/tools/bin/../lib/gcc/arm-none-eabi/10.3.1/thumb/v7-m/nofp/crtbegin.o
                0x0000000020000000                . = ALIGN (0x4)

.bss            0x0000000020000000       0x60 load address 0x0000000008000dc8
                0x0000000020000000                _sbss = .
                0x0000000020000000                __bss_start__ = _sbss
 *(.bss)
 .bss           0x0000000020000000       0x1c c:/st/stm32cubeide_1.12.0/stm32cubeide/plugins/com.st.stm32cube.ide.mcu.externaltools.gnu-tools-for-stm32.10.3-2021.10.win32_1.0.200.202301161003/tools/bin/../lib/gcc/arm-none-eabi/10.3.1/thumb/v7-m/nofp/crtbegin.o
 *(.bss*)
 .bss.PinCfg    0x000000002000001c        0x4 ./HAL/LCD/lcd.o
                0x000000002000001c                PinCfg
 .bss.IRQ_flag  0x0000000020000020        0x4 ./Src/main.o
                0x0000000020000020                IRQ_flag
 .bss.GP_IRQ_callBack
                0x0000000020000024       0x3c ./Stm32F103c8t6_Drivers/EXTI/exti.o
                0x0000000020000024                GP_IRQ_callBack
 *(COMMON)
                0x0000000020000060                . = ALIGN (0x4)
                0x0000000020000060                _ebss = .
                0x0000000020000060                __bss_end__ = _ebss

._user_heap_stack
                0x0000000020000060      0x600 load address 0x0000000008000dc8
                0x0000000020000060                . = ALIGN (0x8)
                [!provide]                        PROVIDE (end = .)
                0x0000000020000060                PROVIDE (_end = .)
                0x0000000020000260                . = (. + _Min_Heap_Size)
 *fill*         0x0000000020000060      0x200 
                0x0000000020000660                . = (. + _Min_Stack_Size)
 *fill*         0x0000000020000260      0x400 
                0x0000000020000660                . = ALIGN (0x8)

/DISCARD/
 libc.a(*)
 libm.a(*)
 libgcc.a(*)

.ARM.attributes
                0x0000000000000000       0x29
 *(.ARM.attributes)
 .ARM.attributes
                0x0000000000000000       0x1d c:/st/stm32cubeide_1.12.0/stm32cubeide/plugins/com.st.stm32cube.ide.mcu.externaltools.gnu-tools-for-stm32.10.3-2021.10.win32_1.0.200.202301161003/tools/bin/../lib/gcc/arm-none-eabi/10.3.1/thumb/v7-m/nofp/crti.o
 .ARM.attributes
                0x000000000000001d       0x2d c:/st/stm32cubeide_1.12.0/stm32cubeide/plugins/com.st.stm32cube.ide.mcu.externaltools.gnu-tools-for-stm32.10.3-2021.10.win32_1.0.200.202301161003/tools/bin/../lib/gcc/arm-none-eabi/10.3.1/thumb/v7-m/nofp/crtbegin.o
 .ARM.attributes
                0x000000000000004a       0x2d ./HAL/LCD/lcd.o
 .ARM.attributes
                0x0000000000000077       0x2d ./Src/main.o
 .ARM.attributes
                0x00000000000000a4       0x21 ./Startup/startup_stm32f103c8tx.o
 .ARM.attributes
                0x00000000000000c5       0x2d ./Stm32F103c8t6_Drivers/EXTI/exti.o
 .ARM.attributes
                0x00000000000000f2       0x2d ./Stm32F103c8t6_Drivers/GPIO/gpio.o
 .ARM.attributes
                0x000000000000011f       0x2d c:/st/stm32cubeide_1.12.0/stm32cubeide/plugins/com.st.stm32cube.ide.mcu.externaltools.gnu-tools-for-stm32.10.3-2021.10.win32_1.0.200.202301161003/tools/bin/../lib/gcc/arm-none-eabi/10.3.1/../../../../arm-none-eabi/lib/thumb/v7-m/nofp\libc_nano.a(lib_a-init.o)
 .ARM.attributes
                0x000000000000014c       0x1d c:/st/stm32cubeide_1.12.0/stm32cubeide/plugins/com.st.stm32cube.ide.mcu.externaltools.gnu-tools-for-stm32.10.3-2021.10.win32_1.0.200.202301161003/tools/bin/../lib/gcc/arm-none-eabi/10.3.1/thumb/v7-m/nofp/crtn.o
OUTPUT(Arm_Modes.axf elf32-littlearm)
LOAD linker stubs
LOAD c:/st/stm32cubeide_1.12.0/stm32cubeide/plugins/com.st.stm32cube.ide.mcu.externaltools.gnu-tools-for-stm32.10.3-2021.10.win32_1.0.200.202301161003/tools/bin/../lib/gcc/arm-none-eabi/10.3.1/../../../../arm-none-eabi/lib/thumb/v7-m/nofp\libc.a
LOAD c:/st/stm32cubeide_1.12.0/stm32cubeide/plugins/com.st.stm32cube.ide.mcu.externaltools.gnu-tools-for-stm32.10.3-2021.10.win32_1.0.200.202301161003/tools/bin/../lib/gcc/arm-none-eabi/10.3.1/../../../../arm-none-eabi/lib/thumb/v7-m/nofp\libm.a
LOAD c:/st/stm32cubeide_1.12.0/stm32cubeide/plugins/com.st.stm32cube.ide.mcu.externaltools.gnu-tools-for-stm32.10.3-2021.10.win32_1.0.200.202301161003/tools/bin/../lib/gcc/arm-none-eabi/10.3.1/thumb/v7-m/nofp\libgcc.a

.debug_info     0x0000000000000000     0x106a
 .debug_info    0x0000000000000000      0x43c ./HAL/LCD/lcd.o
 .debug_info    0x000000000000043c      0x32b ./Src/main.o
 .debug_info    0x0000000000000767       0x22 ./Startup/startup_stm32f103c8tx.o
 .debug_info    0x0000000000000789      0x4a8 ./Stm32F103c8t6_Drivers/EXTI/exti.o
 .debug_info    0x0000000000000c31      0x439 ./Stm32F103c8t6_Drivers/GPIO/gpio.o

.debug_abbrev   0x0000000000000000      0x5af
 .debug_abbrev  0x0000000000000000      0x18b ./HAL/LCD/lcd.o
 .debug_abbrev  0x000000000000018b      0x158 ./Src/main.o
 .debug_abbrev  0x00000000000002e3       0x12 ./Startup/startup_stm32f103c8tx.o
 .debug_abbrev  0x00000000000002f5      0x198 ./Stm32F103c8t6_Drivers/EXTI/exti.o
 .debug_abbrev  0x000000000000048d      0x122 ./Stm32F103c8t6_Drivers/GPIO/gpio.o

.debug_aranges  0x0000000000000000      0x1b0
 .debug_aranges
                0x0000000000000000       0x78 ./HAL/LCD/lcd.o
 .debug_aranges
                0x0000000000000078       0x30 ./Src/main.o
 .debug_aranges
                0x00000000000000a8       0x28 ./Startup/startup_stm32f103c8tx.o
 .debug_aranges
                0x00000000000000d0       0x80 ./Stm32F103c8t6_Drivers/EXTI/exti.o
 .debug_aranges
                0x0000000000000150       0x60 ./Stm32F103c8t6_Drivers/GPIO/gpio.o

.debug_ranges   0x0000000000000000      0x168
 .debug_ranges  0x0000000000000000       0x68 ./HAL/LCD/lcd.o
 .debug_ranges  0x0000000000000068       0x20 ./Src/main.o
 .debug_ranges  0x0000000000000088       0x20 ./Startup/startup_stm32f103c8tx.o
 .debug_ranges  0x00000000000000a8       0x70 ./Stm32F103c8t6_Drivers/EXTI/exti.o
 .debug_ranges  0x0000000000000118       0x50 ./Stm32F103c8t6_Drivers/GPIO/gpio.o

.debug_macro    0x0000000000000000     0x29b8
 .debug_macro   0x0000000000000000      0x24f ./HAL/LCD/lcd.o
 .debug_macro   0x000000000000024f      0xa72 ./HAL/LCD/lcd.o
 .debug_macro   0x0000000000000cc1       0x10 ./HAL/LCD/lcd.o
 .debug_macro   0x0000000000000cd1       0x18 ./HAL/LCD/lcd.o
 .debug_macro   0x0000000000000ce9       0x22 ./HAL/LCD/lcd.o
 .debug_macro   0x0000000000000d0b       0x4c ./HAL/LCD/lcd.o
 .debug_macro   0x0000000000000d57       0x94 ./HAL/LCD/lcd.o
 .debug_macro   0x0000000000000deb       0x3c ./HAL/LCD/lcd.o
 .debug_macro   0x0000000000000e27       0x34 ./HAL/LCD/lcd.o
 .debug_macro   0x0000000000000e5b       0x16 ./HAL/LCD/lcd.o
 .debug_macro   0x0000000000000e71      0x10e ./HAL/LCD/lcd.o
 .debug_macro   0x0000000000000f7f       0x8d ./HAL/LCD/lcd.o
 .debug_macro   0x000000000000100c       0x16 ./HAL/LCD/lcd.o
 .debug_macro   0x0000000000001022       0x43 ./HAL/LCD/lcd.o
 .debug_macro   0x0000000000001065       0x57 ./HAL/LCD/lcd.o
 .debug_macro   0x00000000000010bc       0x34 ./HAL/LCD/lcd.o
 .debug_macro   0x00000000000010f0       0x10 ./HAL/LCD/lcd.o
 .debug_macro   0x0000000000001100       0x58 ./HAL/LCD/lcd.o
 .debug_macro   0x0000000000001158       0x71 ./HAL/LCD/lcd.o
 .debug_macro   0x00000000000011c9       0x1c ./HAL/LCD/lcd.o
 .debug_macro   0x00000000000011e5      0x12a ./HAL/LCD/lcd.o
 .debug_macro   0x000000000000130f      0x341 ./HAL/LCD/lcd.o
 .debug_macro   0x0000000000001650       0x16 ./HAL/LCD/lcd.o
 .debug_macro   0x0000000000001666       0x29 ./HAL/LCD/lcd.o
 .debug_macro   0x000000000000168f       0x16 ./HAL/LCD/lcd.o
 .debug_macro   0x00000000000016a5       0x35 ./HAL/LCD/lcd.o
 .debug_macro   0x00000000000016da       0x20 ./HAL/LCD/lcd.o
 .debug_macro   0x00000000000016fa      0x103 ./HAL/LCD/lcd.o
 .debug_macro   0x00000000000017fd       0x6a ./HAL/LCD/lcd.o
 .debug_macro   0x0000000000001867      0x1df ./HAL/LCD/lcd.o
 .debug_macro   0x0000000000001a46      0x1b0 ./HAL/LCD/lcd.o
 .debug_macro   0x0000000000001bf6       0xd0 ./HAL/LCD/lcd.o
 .debug_macro   0x0000000000001cc6       0x1c ./HAL/LCD/lcd.o
 .debug_macro   0x0000000000001ce2       0x10 ./HAL/LCD/lcd.o
 .debug_macro   0x0000000000001cf2       0x10 ./HAL/LCD/lcd.o
 .debug_macro   0x0000000000001d02       0x1c ./HAL/LCD/lcd.o
 .debug_macro   0x0000000000001d1e       0x52 ./HAL/LCD/lcd.o
 .debug_macro   0x0000000000001d70       0x22 ./HAL/LCD/lcd.o
 .debug_macro   0x0000000000001d92       0x10 ./HAL/LCD/lcd.o
 .debug_macro   0x0000000000001da2       0x52 ./HAL/LCD/lcd.o
 .debug_macro   0x0000000000001df4       0xd5 ./HAL/LCD/lcd.o
 .debug_macro   0x0000000000001ec9       0x1c ./HAL/LCD/lcd.o
 .debug_macro   0x0000000000001ee5       0x3d ./HAL/LCD/lcd.o
 .debug_macro   0x0000000000001f22       0x16 ./HAL/LCD/lcd.o
 .debug_macro   0x0000000000001f38      0x145 ./HAL/LCD/lcd.o
 .debug_macro   0x000000000000207d       0xd6 ./HAL/LCD/lcd.o
 .debug_macro   0x0000000000002153      0x262 ./Src/main.o
 .debug_macro   0x00000000000023b5      0x222 ./Src/main.o
 .debug_macro   0x00000000000025d7      0x18f ./Stm32F103c8t6_Drivers/EXTI/exti.o
 .debug_macro   0x0000000000002766       0xd6 ./Stm32F103c8t6_Drivers/EXTI/exti.o
 .debug_macro   0x000000000000283c      0x17c ./Stm32F103c8t6_Drivers/GPIO/gpio.o

.debug_line     0x0000000000000000     0x2157
 .debug_line    0x0000000000000000      0x8e8 ./HAL/LCD/lcd.o
 .debug_line    0x00000000000008e8      0x6ce ./Src/main.o
 .debug_line    0x0000000000000fb6       0x84 ./Startup/startup_stm32f103c8tx.o
 .debug_line    0x000000000000103a      0x9a4 ./Stm32F103c8t6_Drivers/EXTI/exti.o
 .debug_line    0x00000000000019de      0x779 ./Stm32F103c8t6_Drivers/GPIO/gpio.o

.debug_str      0x0000000000000000     0xa2fe
 .debug_str     0x0000000000000000     0x8d41 ./HAL/LCD/lcd.o
                                       0x8f5c (size before relaxing)
 .debug_str     0x0000000000008d41     0x12de ./Src/main.o
                                       0xa0da (size before relaxing)
 .debug_str     0x000000000000a01f       0x31 ./Startup/startup_stm32f103c8tx.o
                                         0x5f (size before relaxing)
 .debug_str     0x000000000000a050      0x1c9 ./Stm32F103c8t6_Drivers/EXTI/exti.o
                                       0x8f16 (size before relaxing)
 .debug_str     0x000000000000a219       0xe5 ./Stm32F103c8t6_Drivers/GPIO/gpio.o
                                       0x7c5c (size before relaxing)

.comment        0x0000000000000000       0x50
 .comment       0x0000000000000000       0x50 ./HAL/LCD/lcd.o
                                         0x51 (size before relaxing)
 .comment       0x0000000000000050       0x51 ./Src/main.o
 .comment       0x0000000000000050       0x51 ./Stm32F103c8t6_Drivers/EXTI/exti.o
 .comment       0x0000000000000050       0x51 ./Stm32F103c8t6_Drivers/GPIO/gpio.o

.debug_frame    0x0000000000000000      0x560
 .debug_frame   0x0000000000000000      0x19c ./HAL/LCD/lcd.o
 .debug_frame   0x000000000000019c       0x74 ./Src/main.o
 .debug_frame   0x0000000000000210      0x1b0 ./Stm32F103c8t6_Drivers/EXTI/exti.o
 .debug_frame   0x00000000000003c0      0x174 ./Stm32F103c8t6_Drivers/GPIO/gpio.o
 .debug_frame   0x0000000000000534       0x2c c:/st/stm32cubeide_1.12.0/stm32cubeide/plugins/com.st.stm32cube.ide.mcu.externaltools.gnu-tools-for-stm32.10.3-2021.10.win32_1.0.200.202301161003/tools/bin/../lib/gcc/arm-none-eabi/10.3.1/../../../../arm-none-eabi/lib/thumb/v7-m/nofp\libc_nano.a(lib_a-init.o)
