../MCAL/EXTI/EXTI.c:29:6:Enable_NVIC	16	static
../MCAL/EXTI/EXTI.c:73:6:Disable_NVIC	16	static
../MCAL/EXTI/EXTI.c:135:6:MCAL_EXTI_Deinit	4	static
../MCAL/EXTI/EXTI.c:161:6:MCAL_EXTI_Init	16	static
../MCAL/EXTI/EXTI.c:171:6:update_EXTI	24	static
../MCAL/EXTI/EXTI.c:235:6:MCAL_EXTI_Update	16	static
../MCAL/EXTI/EXTI.c:249:6:EXTI0_IRQHandler	8	static
../MCAL/EXTI/EXTI.c:256:6:EXTI1_IRQHandler	8	static
../MCAL/EXTI/EXTI.c:262:6:EXTI2_IRQHandler	8	static
../MCAL/EXTI/EXTI.c:268:6:EXTI3_IRQHandler	8	static
../MCAL/EXTI/EXTI.c:275:6:EXTI4_IRQHandler	8	static
../MCAL/EXTI/EXTI.c:281:6:EXTI9_5_IRQHandler	8	static
../MCAL/EXTI/EXTI.c:290:6:EXTI15_10_IRQHandler	8	static
