Archive member included to satisfy reference by file (symbol)

c:/st/stm32cubeide_1.12.0/stm32cubeide/plugins/com.st.stm32cube.ide.mcu.externaltools.gnu-tools-for-stm32.10.3-2021.10.win32_1.0.200.202301161003/tools/bin/../lib/gcc/arm-none-eabi/10.3.1/../../../../arm-none-eabi/lib/thumb/v7-m/nofp\libc_nano.a(lib_a-errno.o)
                              ./Src/syscalls.o (__errno)
c:/st/stm32cubeide_1.12.0/stm32cubeide/plugins/com.st.stm32cube.ide.mcu.externaltools.gnu-tools-for-stm32.10.3-2021.10.win32_1.0.200.202301161003/tools/bin/../lib/gcc/arm-none-eabi/10.3.1/../../../../arm-none-eabi/lib/thumb/v7-m/nofp\libc_nano.a(lib_a-exit.o)
                              c:/st/stm32cubeide_1.12.0/stm32cubeide/plugins/com.st.stm32cube.ide.mcu.externaltools.gnu-tools-for-stm32.10.3-2021.10.win32_1.0.200.202301161003/tools/bin/../lib/gcc/arm-none-eabi/10.3.1/../../../../arm-none-eabi/lib/thumb/v7-m/nofp/crt0.o (exit)
c:/st/stm32cubeide_1.12.0/stm32cubeide/plugins/com.st.stm32cube.ide.mcu.externaltools.gnu-tools-for-stm32.10.3-2021.10.win32_1.0.200.202301161003/tools/bin/../lib/gcc/arm-none-eabi/10.3.1/../../../../arm-none-eabi/lib/thumb/v7-m/nofp\libc_nano.a(lib_a-impure.o)
                              c:/st/stm32cubeide_1.12.0/stm32cubeide/plugins/com.st.stm32cube.ide.mcu.externaltools.gnu-tools-for-stm32.10.3-2021.10.win32_1.0.200.202301161003/tools/bin/../lib/gcc/arm-none-eabi/10.3.1/../../../../arm-none-eabi/lib/thumb/v7-m/nofp\libc_nano.a(lib_a-exit.o) (_global_impure_ptr)
c:/st/stm32cubeide_1.12.0/stm32cubeide/plugins/com.st.stm32cube.ide.mcu.externaltools.gnu-tools-for-stm32.10.3-2021.10.win32_1.0.200.202301161003/tools/bin/../lib/gcc/arm-none-eabi/10.3.1/../../../../arm-none-eabi/lib/thumb/v7-m/nofp\libc_nano.a(lib_a-init.o)
                              c:/st/stm32cubeide_1.12.0/stm32cubeide/plugins/com.st.stm32cube.ide.mcu.externaltools.gnu-tools-for-stm32.10.3-2021.10.win32_1.0.200.202301161003/tools/bin/../lib/gcc/arm-none-eabi/10.3.1/../../../../arm-none-eabi/lib/thumb/v7-m/nofp/crt0.o (__libc_init_array)
c:/st/stm32cubeide_1.12.0/stm32cubeide/plugins/com.st.stm32cube.ide.mcu.externaltools.gnu-tools-for-stm32.10.3-2021.10.win32_1.0.200.202301161003/tools/bin/../lib/gcc/arm-none-eabi/10.3.1/../../../../arm-none-eabi/lib/thumb/v7-m/nofp\libc_nano.a(lib_a-memset.o)
                              c:/st/stm32cubeide_1.12.0/stm32cubeide/plugins/com.st.stm32cube.ide.mcu.externaltools.gnu-tools-for-stm32.10.3-2021.10.win32_1.0.200.202301161003/tools/bin/../lib/gcc/arm-none-eabi/10.3.1/../../../../arm-none-eabi/lib/thumb/v7-m/nofp/crt0.o (memset)
c:/st/stm32cubeide_1.12.0/stm32cubeide/plugins/com.st.stm32cube.ide.mcu.externaltools.gnu-tools-for-stm32.10.3-2021.10.win32_1.0.200.202301161003/tools/bin/../lib/gcc/arm-none-eabi/10.3.1/../../../../arm-none-eabi/lib/thumb/v7-m/nofp\libc_nano.a(lib_a-sprintf.o)
                              ./HAL/LCD_DRIVER/lcd.o (sprintf)
c:/st/stm32cubeide_1.12.0/stm32cubeide/plugins/com.st.stm32cube.ide.mcu.externaltools.gnu-tools-for-stm32.10.3-2021.10.win32_1.0.200.202301161003/tools/bin/../lib/gcc/arm-none-eabi/10.3.1/../../../../arm-none-eabi/lib/thumb/v7-m/nofp\libc_nano.a(lib_a-nano-svfprintf.o)
                              c:/st/stm32cubeide_1.12.0/stm32cubeide/plugins/com.st.stm32cube.ide.mcu.externaltools.gnu-tools-for-stm32.10.3-2021.10.win32_1.0.200.202301161003/tools/bin/../lib/gcc/arm-none-eabi/10.3.1/../../../../arm-none-eabi/lib/thumb/v7-m/nofp\libc_nano.a(lib_a-sprintf.o) (_svfprintf_r)
c:/st/stm32cubeide_1.12.0/stm32cubeide/plugins/com.st.stm32cube.ide.mcu.externaltools.gnu-tools-for-stm32.10.3-2021.10.win32_1.0.200.202301161003/tools/bin/../lib/gcc/arm-none-eabi/10.3.1/../../../../arm-none-eabi/lib/thumb/v7-m/nofp\libc_nano.a(lib_a-nano-vfprintf_i.o)
                              c:/st/stm32cubeide_1.12.0/stm32cubeide/plugins/com.st.stm32cube.ide.mcu.externaltools.gnu-tools-for-stm32.10.3-2021.10.win32_1.0.200.202301161003/tools/bin/../lib/gcc/arm-none-eabi/10.3.1/../../../../arm-none-eabi/lib/thumb/v7-m/nofp\libc_nano.a(lib_a-nano-svfprintf.o) (_printf_i)
c:/st/stm32cubeide_1.12.0/stm32cubeide/plugins/com.st.stm32cube.ide.mcu.externaltools.gnu-tools-for-stm32.10.3-2021.10.win32_1.0.200.202301161003/tools/bin/../lib/gcc/arm-none-eabi/10.3.1/../../../../arm-none-eabi/lib/thumb/v7-m/nofp\libc_nano.a(lib_a-memchr-stub.o)
                              c:/st/stm32cubeide_1.12.0/stm32cubeide/plugins/com.st.stm32cube.ide.mcu.externaltools.gnu-tools-for-stm32.10.3-2021.10.win32_1.0.200.202301161003/tools/bin/../lib/gcc/arm-none-eabi/10.3.1/../../../../arm-none-eabi/lib/thumb/v7-m/nofp\libc_nano.a(lib_a-nano-svfprintf.o) (memchr)
c:/st/stm32cubeide_1.12.0/stm32cubeide/plugins/com.st.stm32cube.ide.mcu.externaltools.gnu-tools-for-stm32.10.3-2021.10.win32_1.0.200.202301161003/tools/bin/../lib/gcc/arm-none-eabi/10.3.1/../../../../arm-none-eabi/lib/thumb/v7-m/nofp\libc_nano.a(lib_a-memcpy-stub.o)
[...]
Memory Configuration

Name             Origin             Length             Attributes
RAM              0x0000000020000000 0x0000000000002800 xrw
FLASH            0x0000000008000000 0x0000000000008000 xr
*default*        0x0000000000000000 0xffffffffffffffff

Linker script and memory map

LOAD c:/st/stm32cubeide_1.12.0/stm32cubeide/plugins/com.st.stm32cube.ide.mcu.externaltools.gnu-tools-for-stm32.10.3-2021.10.win32_1.0.200.202301161003/tools/bin/../lib/gcc/arm-none-eabi/10.3.1/thumb/v7-m/nofp/crti.o
LOAD c:/st/stm32cubeide_1.12.0/stm32cubeide/plugins/com.st.stm32cube.ide.mcu.externaltools.gnu-tools-for-stm32.10.3-2021.10.win32_1.0.200.202301161003/tools/bin/../lib/gcc/arm-none-eabi/10.3.1/thumb/v7-m/nofp/crtbegin.o
LOAD c:/st/stm32cubeide_1.12.0/stm32cubeide/plugins/com.st.stm32cube.ide.mcu.externaltools.gnu-tools-for-stm32.10.3-2021.10.win32_1.0.200.202301161003/tools/bin/../lib/gcc/arm-none-eabi/10.3.1/../../../../arm-none-eabi/lib/thumb/v7-m/nofp/crt0.o
LOAD ./HAL/7Segment/se7en_segment.o
LOAD ./HAL/EEPROM/I2C_Slave_EEPROM.o
LOAD ./HAL/KeyPad_Driver/keypad.o
LOAD ./HAL/LCD_DRIVER/lcd.o
LOAD ./Src/main.o
LOAD ./Src/syscalls.o
LOAD ./Src/sysmem.o
LOAD ./Startup/startup_stm32f103c6tx.o
LOAD ./Stm32_F103C6_Drivers/EXTI/Stm32_F103C6_EXTI.o
LOAD ./Stm32_F103C6_Drivers/GPIO/Stm32_F103C6_GPIO.o
LOAD ./Stm32_F103C6_Drivers/I2C/Stm32_F103C6_I2C.o
LOAD ./Stm32_F103C6_Drivers/RCC/Stm32_F103C6_RCC.o
LOAD ./Stm32_F103C6_Drivers/SPI/Stm32_F103C6_SPI.o
LOAD ./Stm32_F103C6_Drivers/USART/Stm32_F103C6_USART.o
START GROUP
LOAD c:/st/stm32cubeide_1.12.0/stm32cubeide/plugins/com.st.stm32cube.ide.mcu.externaltools.gnu-tools-for-stm32.10.3-2021.10.win32_1.0.200.202301161003/tools/bin/../lib/gcc/arm-none-eabi/10.3.1/../../../../arm-none-eabi/lib/thumb/v7-m/nofp\libc_nano.a
LOAD c:/st/stm32cubeide_1.12.0/stm32cubeide/plugins/com.st.stm32cube.ide.mcu.externaltools.gnu-tools-for-stm32.10.3-2021.10.win32_1.0.200.202301161003/tools/bin/../lib/gcc/arm-none-eabi/10.3.1/../../../../arm-none-eabi/lib/thumb/v7-m/nofp\libm.a
END GROUP
START GROUP
LOAD c:/st/stm32cubeide_1.12.0/stm32cubeide/plugins/com.st.stm32cube.ide.mcu.externaltools.gnu-tools-for-stm32.10.3-2021.10.win32_1.0.200.202301161003/tools/bin/../lib/gcc/arm-none-eabi/10.3.1/thumb/v7-m/nofp\libgcc.a
LOAD c:/st/stm32cubeide_1.12.0/stm32cubeide/plugins/com.st.stm32cube.ide.mcu.externaltools.gnu-tools-for-stm32.10.3-2021.10.win32_1.0.200.202301161003/tools/bin/../lib/gcc/arm-none-eabi/10.3.1/../../../../arm-none-eabi/lib/thumb/v7-m/nofp\libg_nano.a
LOAD c:/st/stm32cubeide_1.12.0/stm32cubeide/plugins/com.st.stm32cube.ide.mcu.externaltools.gnu-tools-for-stm32.10.3-2021.10.win32_1.0.200.202301161003/tools/bin/../lib/gcc/arm-none-eabi/10.3.1/../../../../arm-none-eabi/lib/thumb/v7-m/nofp\libc_nano.a
END GROUP
START GROUP
LOAD c:/st/stm32cubeide_1.12.0/stm32cubeide/plugins/com.st.stm32cube.ide.mcu.externaltools.gnu-tools-for-stm32.10.3-2021.10.win32_1.0.200.202301161003/tools/bin/../lib/gcc/arm-none-eabi/10.3.1/thumb/v7-m/nofp\libgcc.a
LOAD c:/st/stm32cubeide_1.12.0/stm32cubeide/plugins/com.st.stm32cube.ide.mcu.externaltools.gnu-tools-for-stm32.10.3-2021.10.win32_1.0.200.202301161003/tools/bin/../lib/gcc/arm-none-eabi/10.3.1/../../../../arm-none-eabi/lib/thumb/v7-m/nofp\libc_nano.a
LOAD c:/st/stm32cubeide_1.12.0/stm32cubeide/plugins/com.st.stm32cube.ide.mcu.externaltools.gnu-tools-for-stm32.10.3-2021.10.win32_1.0.200.202301161003/tools/bin/../lib/gcc/arm-none-eabi/10.3.1/../../../../arm-none-eabi/lib/thumb/v7-m/nofp\libnosys.a
END GROUP
START GROUP
LOAD c:/st/stm32cubeide_1.12.0/stm32cubeide/plugins/com.st.stm32cube.ide.mcu.externaltools.gnu-tools-for-stm32.10.3-2021.10.win32_1.0.200.202301161003/tools/bin/../lib/gcc/arm-none-eabi/10.3.1/thumb/v7-m/nofp\libgcc.a
LOAD c:/st/stm32cubeide_1.12.0/stm32cubeide/plugins/com.st.stm32cube.ide.mcu.externaltools.gnu-tools-for-stm32.10.3-2021.10.win32_1.0.200.202301161003/tools/bin/../lib/gcc/arm-none-eabi/10.3.1/../../../../arm-none-eabi/lib/thumb/v7-m/nofp\libc_nano.a
LOAD c:/st/stm32cubeide_1.12.0/stm32cubeide/plugins/com.st.stm32cube.ide.mcu.externaltools.gnu-tools-for-stm32.10.3-2021.10.win32_1.0.200.202301161003/tools/bin/../lib/gcc/arm-none-eabi/10.3.1/../../../../arm-none-eabi/lib/thumb/v7-m/nofp\libnosys.a
END GROUP
LOAD c:/st/stm32cubeide_1.12.0/stm32cubeide/plugins/com.st.stm32cube.ide.mcu.externaltools.gnu-tools-for-stm32.10.3-2021.10.win32_1.0.200.202301161003/tools/bin/../lib/gcc/arm-none-eabi/10.3.1/thumb/v7-m/nofp/crtend.o
LOAD c:/st/stm32cubeide_1.12.0/stm32cubeide/plugins/com.st.stm32cube.ide.mcu.externaltools.gnu-tools-for-stm32.10.3-2021.10.win32_1.0.200.202301161003/tools/bin/../lib/gcc/arm-none-eabi/10.3.1/thumb/v7-m/nofp/crtn.o
                0x0000000020002800                _estack = (ORIGIN (RAM) + LENGTH (RAM))
                0x0000000000000200                _Min_Heap_Size = 0x200
                0x0000000000000400                _Min_Stack_Size = 0x400

.isr_vector     0x0000000008000000      0x130
                0x0000000008000000                . = ALIGN (0x4)
 *(.isr_vector)
 .isr_vector    0x0000000008000000      0x130 ./Startup/startup_stm32f103c6tx.o
                0x0000000008000000                g_pfnVectors
                0x0000000008000130                . = ALIGN (0x4)

.text           0x0000000008000130      0xf9c
                0x0000000008000130                . = ALIGN (0x4)
 *(.text)
 .text          0x0000000008000130       0x40 c:/st/stm32cubeide_1.12.0/stm32cubeide/plugins/com.st.stm32cube.ide.mcu.externaltools.gnu-tools-for-stm32.10.3-2021.10.win32_1.0.200.202301161003/tools/bin/../lib/gcc/arm-none-eabi/10.3.1/thumb/v7-m/nofp/crtbegin.o
 *(.text*)
 .text.EEPROM_Init
                0x0000000008000170       0x40 ./HAL/EEPROM/I2C_Slave_EEPROM.o
                0x0000000008000170                EEPROM_Init
 .text.EEPROM_Write_Nbyte
                0x00000000080001b0       0xd4 ./HAL/EEPROM/I2C_Slave_EEPROM.o
                0x00000000080001b0                EEPROM_Write_Nbyte
 .text.EEPROM_Read_Byte
                0x0000000008000284       0x54 ./HAL/EEPROM/I2C_Slave_EEPROM.o
                0x0000000008000284                EEPROM_Read_Byte
 .text.main     0x00000000080002d8       0x84 ./Src/main.o
                0x00000000080002d8                main
 .text.Clock_Init
                0x000000000800035c       0x34 ./Src/main.o
                0x000000000800035c                Clock_Init
 .text.Reset_Handler
                0x0000000008000390       0x50 ./Startup/startup_stm32f103c6tx.o
                0x0000000008000390                Reset_Handler
 .text.Default_Handler
                0x00000000080003e0        0x2 ./Startup/startup_stm32f103c6tx.o
                0x00000000080003e0                TIM8_TRG_COM_IRQHandler
                0x00000000080003e0                TIM8_CC_IRQHandler
                0x00000000080003e0                DebugMon_Handler
                0x00000000080003e0                TIM1_CC_IRQHandler
                0x00000000080003e0                HardFault_Handler
                0x00000000080003e0                TIM6_IRQHandler
                0x00000000080003e0                SysTick_Handler
                0x00000000080003e0                PVD_IRQHandler
                0x00000000080003e0                SDIO_IRQHandler
                0x00000000080003e0                PendSV_Handler
                0x00000000080003e0                NMI_Handler
                0x00000000080003e0                USB_HP_CAN_TX_IRQHandler
                0x00000000080003e0                I2C2_EV_IRQHandler
                0x00000000080003e0                UsageFault_Handler
                0x00000000080003e0                ADC1_2_IRQHandler
                0x00000000080003e0                CAN_SCE_IRQHandler
                0x00000000080003e0                TAMPER_IRQHandler
                0x00000000080003e0                TIM8_UP_IRQHandler
                0x00000000080003e0                DMA2_Channel2_IRQHandler
                0x00000000080003e0                DMA1_Channel4_IRQHandler
                0x00000000080003e0                RTC_IRQHandler
                0x00000000080003e0                DMA1_Channel7_IRQHandler
                0x00000000080003e0                UART5_IRQHandler
                0x00000000080003e0                ADC3_IRQHandler
                0x00000000080003e0                TIM4_IRQHandler
                0x00000000080003e0                CAN_RX1_IRQHandler
                0x00000000080003e0                DMA2_Channel1_IRQHandler
                0x00000000080003e0                I2C1_EV_IRQHandler
                0x00000000080003e0                DMA1_Channel6_IRQHandler
                0x00000000080003e0                UART4_IRQHandler
                0x00000000080003e0                TIM3_IRQHandler
                0x00000000080003e0                RCC_IRQHandler
                0x00000000080003e0                TIM1_TRG_COM_IRQHandler
                0x00000000080003e0                DMA1_Channel1_IRQHandler
                0x00000000080003e0                Default_Handler
                0x00000000080003e0                TIM7_IRQHandler
                0x00000000080003e0                TIM5_IRQHandler
                0x00000000080003e0                USB_LP_CAN_RX0_IRQHandler
                0x00000000080003e0                MemManage_Handler
                0x00000000080003e0                SVC_Handler
                0x00000000080003e0                DMA1_Channel5_IRQHandler
                0x00000000080003e0                DMA1_Channel3_IRQHandler
                0x00000000080003e0                FSMC_IRQHandler
                0x00000000080003e0                TIM1_UP_IRQHandler
                0x00000000080003e0                WWDG_IRQHandler
                0x00000000080003e0                TIM2_IRQHandler
                0x00000000080003e0                TIM1_BRK_IRQHandler
                0x00000000080003e0                RTCAlarm_IRQHandler
                0x00000000080003e0                DMA2_Channel4_5_IRQHandler
                0x00000000080003e0                I2C2_ER_IRQHandler
                0x00000000080003e0                DMA1_Channel2_IRQHandler
                0x00000000080003e0                TIM8_BRK_IRQHandler
                0x00000000080003e0                FLASH_IRQHandler
                0x00000000080003e0                BusFault_Handler
                0x00000000080003e0                SPI3_IRQHandler
                0x00000000080003e0                I2C1_ER_IRQHandler
                0x00000000080003e0                DMA2_Channel3_IRQHandler
 *fill*         0x00000000080003e2        0x2 
 .text.EXTI0_IRQHandler
                0x00000000080003e4       0x24 ./Stm32_F103C6_Drivers/EXTI/Stm32_F103C6_EXTI.o
                0x00000000080003e4                EXTI0_IRQHandler
 .text.EXTI1_IRQHandler
                0x0000000008000408       0x24 ./Stm32_F103C6_Drivers/EXTI/Stm32_F103C6_EXTI.o
                0x0000000008000408                EXTI1_IRQHandler
 .text.EXTI2_IRQHandler
                0x000000000800042c       0x24 ./Stm32_F103C6_Drivers/EXTI/Stm32_F103C6_EXTI.o
                0x000000000800042c                EXTI2_IRQHandler
 .text.EXTI3_IRQHandler
                0x0000000008000450       0x24 ./Stm32_F103C6_Drivers/EXTI/Stm32_F103C6_EXTI.o
                0x0000000008000450                EXTI3_IRQHandler
 .text.EXTI4_IRQHandler
                0x0000000008000474       0x24 ./Stm32_F103C6_Drivers/EXTI/Stm32_F103C6_EXTI.o
                0x0000000008000474                EXTI4_IRQHandler
 .text.EXTI9_5_IRQHandler
                0x0000000008000498       0xa8 ./Stm32_F103C6_Drivers/EXTI/Stm32_F103C6_EXTI.o
                0x0000000008000498                EXTI9_5_IRQHandler
 .text.EXTI15_10_IRQHandler
                0x0000000008000540       0xc4 ./Stm32_F103C6_Drivers/EXTI/Stm32_F103C6_EXTI.o
                0x0000000008000540                EXTI15_10_IRQHandler
 .text.Get_Bit_Location
                0x0000000008000604      0x170 ./Stm32_F103C6_Drivers/GPIO/Stm32_F103C6_GPIO.o
                0x0000000008000604                Get_Bit_Location
 .text.MCAL_GPIO_Init
                0x0000000008000774       0xf8 ./Stm32_F103C6_Drivers/GPIO/Stm32_F103C6_GPIO.o
                0x0000000008000774                MCAL_GPIO_Init
 .text.MCAL_I2C_Init
                0x000000000800086c      0x240 ./Stm32_F103C6_Drivers/I2C/Stm32_F103C6_I2C.o
                0x000000000800086c                MCAL_I2C_Init
 .text.MCAL_I2C_GPIO_Set_Pins
                0x0000000008000aac       0x94 ./Stm32_F103C6_Drivers/I2C/Stm32_F103C6_I2C.o
                0x0000000008000aac                MCAL_I2C_GPIO_Set_Pins
 .text.MCAL_I2C_Master_Transmit
                0x0000000008000b40       0xac ./Stm32_F103C6_Drivers/I2C/Stm32_F103C6_I2C.o
                0x0000000008000b40                MCAL_I2C_Master_Transmit
 .text.MCAL_I2C_Master_Receive
                0x0000000008000bec       0xfc ./Stm32_F103C6_Drivers/I2C/Stm32_F103C6_I2C.o
                0x0000000008000bec                MCAL_I2C_Master_Receive
 .text.I2C_Generate_Start
                0x0000000008000ce8       0x4e ./Stm32_F103C6_Drivers/I2C/Stm32_F103C6_I2C.o
                0x0000000008000ce8                I2C_Generate_Start
 .text.I2C_Send_Address
                0x0000000008000d36       0x40 ./Stm32_F103C6_Drivers/I2C/Stm32_F103C6_I2C.o
                0x0000000008000d36                I2C_Send_Address
 .text.I2C_Stop
                0x0000000008000d76       0x36 ./Stm32_F103C6_Drivers/I2C/Stm32_F103C6_I2C.o
                0x0000000008000d76                I2C_Stop
 .text.I2C_ACKConfig
                0x0000000008000dac       0x36 ./Stm32_F103C6_Drivers/I2C/Stm32_F103C6_I2C.o
                0x0000000008000dac                I2C_ACKConfig
 *fill*         0x0000000008000de2        0x2 
 .text.I2C_Get_FlagStatus
                0x0000000008000de4      0x104 ./Stm32_F103C6_Drivers/I2C/Stm32_F103C6_I2C.o
                0x0000000008000de4                I2C_Get_FlagStatus
 .text.MCAL_RCC_GetSYS_CLKFreq
                0x0000000008000ee8       0x40 ./Stm32_F103C6_Drivers/RCC/Stm32_F103C6_RCC.o
                0x0000000008000ee8                MCAL_RCC_GetSYS_CLKFreq
 .text.MCAL_RCC_Get_HCLKFreq
                0x0000000008000f28       0x28 ./Stm32_F103C6_Drivers/RCC/Stm32_F103C6_RCC.o
                0x0000000008000f28                MCAL_RCC_Get_HCLKFreq
 .text.MCAL_RCC_Get_PCLK1Freq
                0x0000000008000f50       0x28 ./Stm32_F103C6_Drivers/RCC/Stm32_F103C6_RCC.o
                0x0000000008000f50                MCAL_RCC_Get_PCLK1Freq
 .text.SPI1_IRQHandler
                0x0000000008000f78       0x5c ./Stm32_F103C6_Drivers/SPI/Stm32_F103C6_SPI.o
                0x0000000008000f78                SPI1_IRQHandler
 .text.SPI2_IRQHandler
                0x0000000008000fd4       0x5c ./Stm32_F103C6_Drivers/SPI/Stm32_F103C6_SPI.o
                0x0000000008000fd4                SPI2_IRQHandler
 .text.USART1_IRQHandler
                0x0000000008001030       0x14 ./Stm32_F103C6_Drivers/USART/Stm32_F103C6_USART.o
                0x0000000008001030                USART1_IRQHandler
 .text.USART2_IRQHandler
                0x0000000008001044       0x14 ./Stm32_F103C6_Drivers/USART/Stm32_F103C6_USART.o
                0x0000000008001044                USART2_IRQHandler
 .text.USART3_IRQHandler
                0x0000000008001058       0x14 ./Stm32_F103C6_Drivers/USART/Stm32_F103C6_USART.o
                0x0000000008001058                USART3_IRQHandler
 .text.__libc_init_array
                0x000000000800106c       0x48 c:/st/stm32cubeide_1.12.0/stm32cubeide/plugins/com.st.stm32cube.ide.mcu.externaltools.gnu-tools-for-stm32.10.3-2021.10.win32_1.0.200.202301161003/tools/bin/../lib/gcc/arm-none-eabi/10.3.1/../../../../arm-none-eabi/lib/thumb/v7-m/nofp\libc_nano.a(lib_a-init.o)
                0x000000000800106c                __libc_init_array
 *(.glue_7)
 .glue_7        0x00000000080010b4        0x0 linker stubs
 *(.glue_7t)
 .glue_7t       0x00000000080010b4        0x0 linker stubs
 *(.eh_frame)
 .eh_frame      0x00000000080010b4        0x0 c:/st/stm32cubeide_1.12.0/stm32cubeide/plugins/com.st.stm32cube.ide.mcu.externaltools.gnu-tools-for-stm32.10.3-2021.10.win32_1.0.200.202301161003/tools/bin/../lib/gcc/arm-none-eabi/10.3.1/thumb/v7-m/nofp/crtbegin.o
 *(.init)
 .init          0x00000000080010b4        0x4 c:/st/stm32cubeide_1.12.0/stm32cubeide/plugins/com.st.stm32cube.ide.mcu.externaltools.gnu-tools-for-stm32.10.3-2021.10.win32_1.0.200.202301161003/tools/bin/../lib/gcc/arm-none-eabi/10.3.1/thumb/v7-m/nofp/crti.o
                0x00000000080010b4                _init
 .init          0x00000000080010b8        0x8 c:/st/stm32cubeide_1.12.0/stm32cubeide/plugins/com.st.stm32cube.ide.mcu.externaltools.gnu-tools-for-stm32.10.3-2021.10.win32_1.0.200.202301161003/tools/bin/../lib/gcc/arm-none-eabi/10.3.1/thumb/v7-m/nofp/crtn.o
 *(.fini)
 .fini          0x00000000080010c0        0x4 c:/st/stm32cubeide_1.12.0/stm32cubeide/plugins/com.st.stm32cube.ide.mcu.externaltools.gnu-tools-for-stm32.10.3-2021.10.win32_1.0.200.202301161003/tools/bin/../lib/gcc/arm-none-eabi/10.3.1/thumb/v7-m/nofp/crti.o
                0x00000000080010c0                _fini
 .fini          0x00000000080010c4        0x8 c:/st/stm32cubeide_1.12.0/stm32cubeide/plugins/com.st.stm32cube.ide.mcu.externaltools.gnu-tools-for-stm32.10.3-2021.10.win32_1.0.200.202301161003/tools/bin/../lib/gcc/arm-none-eabi/10.3.1/thumb/v7-m/nofp/crtn.o
                0x00000000080010cc                . = ALIGN (0x4)
                0x00000000080010cc                _etext = .

.vfp11_veneer   0x00000000080010cc        0x0
 .vfp11_veneer  0x00000000080010cc        0x0 linker stubs

.v4_bx          0x00000000080010cc        0x0
 .v4_bx         0x00000000080010cc        0x0 linker stubs

.iplt           0x00000000080010cc        0x0
 .iplt          0x00000000080010cc        0x0 c:/st/stm32cubeide_1.12.0/stm32cubeide/plugins/com.st.stm32cube.ide.mcu.externaltools.gnu-tools-for-stm32.10.3-2021.10.win32_1.0.200.202301161003/tools/bin/../lib/gcc/arm-none-eabi/10.3.1/thumb/v7-m/nofp/crtbegin.o

.rodata         0x00000000080010cc       0x20
                0x00000000080010cc                . = ALIGN (0x4)
 *(.rodata)
 .rodata        0x00000000080010cc        0x7 ./Src/main.o
 *(.rodata*)
 *fill*         0x00000000080010d3        0x1 
 .rodata.APBPrescTable
                0x00000000080010d4        0x8 ./Stm32_F103C6_Drivers/RCC/Stm32_F103C6_RCC.o
                0x00000000080010d4                APBPrescTable
 .rodata.AHBPrescTable
                0x00000000080010dc       0x10 ./Stm32_F103C6_Drivers/RCC/Stm32_F103C6_RCC.o
                0x00000000080010dc                AHBPrescTable
                0x00000000080010ec                . = ALIGN (0x4)

.rel.dyn        0x00000000080010ec        0x0
 .rel.iplt      0x00000000080010ec        0x0 c:/st/stm32cubeide_1.12.0/stm32cubeide/plugins/com.st.stm32cube.ide.mcu.externaltools.gnu-tools-for-stm32.10.3-2021.10.win32_1.0.200.202301161003/tools/bin/../lib/gcc/arm-none-eabi/10.3.1/thumb/v7-m/nofp/crtbegin.o

.ARM.extab      0x00000000080010ec        0x0
                0x00000000080010ec                . = ALIGN (0x4)
 *(.ARM.extab* .gnu.linkonce.armextab.*)
                0x00000000080010ec                . = ALIGN (0x4)

.ARM            0x00000000080010ec        0x0
                0x00000000080010ec                . = ALIGN (0x4)
                0x00000000080010ec                __exidx_start = .
 *(.ARM.exidx*)
                0x00000000080010ec                __exidx_end = .
                0x00000000080010ec                . = ALIGN (0x4)

.preinit_array  0x00000000080010ec        0x0
                0x00000000080010ec                . = ALIGN (0x4)
                0x00000000080010ec                PROVIDE (__preinit_array_start = .)
 *(.preinit_array*)
                0x00000000080010ec                PROVIDE (__preinit_array_end = .)
                0x00000000080010ec                . = ALIGN (0x4)

.init_array     0x00000000080010ec        0x4
                0x00000000080010ec                . = ALIGN (0x4)
                0x00000000080010ec                PROVIDE (__init_array_start = .)
 *(SORT_BY_NAME(.init_array.*))
 *(.init_array*)
 .init_array    0x00000000080010ec        0x4 c:/st/stm32cubeide_1.12.0/stm32cubeide/plugins/com.st.stm32cube.ide.mcu.externaltools.gnu-tools-for-stm32.10.3-2021.10.win32_1.0.200.202301161003/tools/bin/../lib/gcc/arm-none-eabi/10.3.1/thumb/v7-m/nofp/crtbegin.o
                0x00000000080010f0                PROVIDE (__init_array_end = .)
                0x00000000080010f0                . = ALIGN (0x4)

.fini_array     0x00000000080010f0        0x4
                0x00000000080010f0                . = ALIGN (0x4)
                [!provide]                        PROVIDE (__fini_array_start = .)
 *(SORT_BY_NAME(.fini_array.*))
 *(.fini_array*)
 .fini_array    0x00000000080010f0        0x4 c:/st/stm32cubeide_1.12.0/stm32cubeide/plugins/com.st.stm32cube.ide.mcu.externaltools.gnu-tools-for-stm32.10.3-2021.10.win32_1.0.200.202301161003/tools/bin/../lib/gcc/arm-none-eabi/10.3.1/thumb/v7-m/nofp/crtbegin.o
                [!provide]                        PROVIDE (__fini_array_end = .)
                0x00000000080010f4                . = ALIGN (0x4)
                0x00000000080010f4                _sidata = LOADADDR (.data)

.data           0x0000000020000000        0x0 load address 0x00000000080010f4
                0x0000000020000000                . = ALIGN (0x4)
                0x0000000020000000                _sdata = .
 *(.data)
 *(.data*)
 *(.RamFunc)
 *(.RamFunc*)
                0x0000000020000000                . = ALIGN (0x4)
                0x0000000020000000                _edata = .

.igot.plt       0x0000000020000000        0x0 load address 0x00000000080010f4
 .igot.plt      0x0000000020000000        0x0 c:/st/stm32cubeide_1.12.0/stm32cubeide/plugins/com.st.stm32cube.ide.mcu.externaltools.gnu-tools-for-stm32.10.3-2021.10.win32_1.0.200.202301161003/tools/bin/../lib/gcc/arm-none-eabi/10.3.1/thumb/v7-m/nofp/crtbegin.o
                0x0000000020000000                . = ALIGN (0x4)

.bss            0x0000000020000000       0xbc load address 0x00000000080010f4
                0x0000000020000000                _sbss = .
                0x0000000020000000                __bss_start__ = _sbss
 *(.bss)
 .bss           0x0000000020000000       0x1c c:/st/stm32cubeide_1.12.0/stm32cubeide/plugins/com.st.stm32cube.ide.mcu.externaltools.gnu-tools-for-stm32.10.3-2021.10.win32_1.0.200.202301161003/tools/bin/../lib/gcc/arm-none-eabi/10.3.1/thumb/v7-m/nofp/crtbegin.o
 *(.bss*)
 .bss.GP_IRQ_callBack
                0x000000002000001c       0x3c ./Stm32_F103C6_Drivers/EXTI/Stm32_F103C6_EXTI.o
                0x000000002000001c                GP_IRQ_callBack
 .bss.Global_I2C_Config
                0x0000000020000058       0x50 ./Stm32_F103C6_Drivers/I2C/Stm32_F103C6_I2C.o
                0x0000000020000058                Global_I2C_Config
 .bss.G_SPI_Config
                0x00000000200000a8        0x8 ./Stm32_F103C6_Drivers/SPI/Stm32_F103C6_SPI.o
                0x00000000200000a8                G_SPI_Config
 .bss.Global_USART_Config
                0x00000000200000b0        0xc ./Stm32_F103C6_Drivers/USART/Stm32_F103C6_USART.o
                0x00000000200000b0                Global_USART_Config
 *(COMMON)
                0x00000000200000bc                . = ALIGN (0x4)
                0x00000000200000bc                _ebss = .
                0x00000000200000bc                __bss_end__ = _ebss

._user_heap_stack
                0x00000000200000bc      0x604 load address 0x00000000080010f4
                0x00000000200000c0                . = ALIGN (0x8)
 *fill*         0x00000000200000bc        0x4 
                [!provide]                        PROVIDE (end = .)
                0x00000000200000c0                PROVIDE (_end = .)
                0x00000000200002c0                . = (. + _Min_Heap_Size)
 *fill*         0x00000000200000c0      0x200 
                0x00000000200006c0                . = (. + _Min_Stack_Size)
 *fill*         0x00000000200002c0      0x400 
                0x00000000200006c0                . = ALIGN (0x8)

/DISCARD/
 libc.a(*)
 libm.a(*)
 libgcc.a(*)

.ARM.attributes
                0x0000000000000000       0x29
 *(.ARM.attributes)
 .ARM.attributes
                0x0000000000000000       0x1d c:/st/stm32cubeide_1.12.0/stm32cubeide/plugins/com.st.stm32cube.ide.mcu.externaltools.gnu-tools-for-stm32.10.3-2021.10.win32_1.0.200.202301161003/tools/bin/../lib/gcc/arm-none-eabi/10.3.1/thumb/v7-m/nofp/crti.o
 .ARM.attributes
                0x000000000000001d       0x2d c:/st/stm32cubeide_1.12.0/stm32cubeide/plugins/com.st.stm32cube.ide.mcu.externaltools.gnu-tools-for-stm32.10.3-2021.10.win32_1.0.200.202301161003/tools/bin/../lib/gcc/arm-none-eabi/10.3.1/thumb/v7-m/nofp/crtbegin.o
 .ARM.attributes
                0x000000000000004a       0x2d ./HAL/EEPROM/I2C_Slave_EEPROM.o
 .ARM.attributes
                0x0000000000000077       0x2d ./Src/main.o
 .ARM.attributes
                0x00000000000000a4       0x21 ./Startup/startup_stm32f103c6tx.o
 .ARM.attributes
                0x00000000000000c5       0x2d ./Stm32_F103C6_Drivers/EXTI/Stm32_F103C6_EXTI.o
 .ARM.attributes
                0x00000000000000f2       0x2d ./Stm32_F103C6_Drivers/GPIO/Stm32_F103C6_GPIO.o
 .ARM.attributes
                0x000000000000011f       0x2d ./Stm32_F103C6_Drivers/I2C/Stm32_F103C6_I2C.o
 .ARM.attributes
                0x000000000000014c       0x2d ./Stm32_F103C6_Drivers/RCC/Stm32_F103C6_RCC.o
 .ARM.attributes
                0x0000000000000179       0x2d ./Stm32_F103C6_Drivers/SPI/Stm32_F103C6_SPI.o
 .ARM.attributes
                0x00000000000001a6       0x2d ./Stm32_F103C6_Drivers/USART/Stm32_F103C6_USART.o
 .ARM.attributes
                0x00000000000001d3       0x2d c:/st/stm32cubeide_1.12.0/stm32cubeide/plugins/com.st.stm32cube.ide.mcu.externaltools.gnu-tools-for-stm32.10.3-2021.10.win32_1.0.200.202301161003/tools/bin/../lib/gcc/arm-none-eabi/10.3.1/../../../../arm-none-eabi/lib/thumb/v7-m/nofp\libc_nano.a(lib_a-init.o)
 .ARM.attributes
                0x0000000000000200       0x1d c:/st/stm32cubeide_1.12.0/stm32cubeide/plugins/com.st.stm32cube.ide.mcu.externaltools.gnu-tools-for-stm32.10.3-2021.10.win32_1.0.200.202301161003/tools/bin/../lib/gcc/arm-none-eabi/10.3.1/thumb/v7-m/nofp/crtn.o
OUTPUT(Drivers.elf elf32-littlearm)
LOAD linker stubs
LOAD c:/st/stm32cubeide_1.12.0/stm32cubeide/plugins/com.st.stm32cube.ide.mcu.externaltools.gnu-tools-for-stm32.10.3-2021.10.win32_1.0.200.202301161003/tools/bin/../lib/gcc/arm-none-eabi/10.3.1/../../../../arm-none-eabi/lib/thumb/v7-m/nofp\libc.a
LOAD c:/st/stm32cubeide_1.12.0/stm32cubeide/plugins/com.st.stm32cube.ide.mcu.externaltools.gnu-tools-for-stm32.10.3-2021.10.win32_1.0.200.202301161003/tools/bin/../lib/gcc/arm-none-eabi/10.3.1/../../../../arm-none-eabi/lib/thumb/v7-m/nofp\libm.a
LOAD c:/st/stm32cubeide_1.12.0/stm32cubeide/plugins/com.st.stm32cube.ide.mcu.externaltools.gnu-tools-for-stm32.10.3-2021.10.win32_1.0.200.202301161003/tools/bin/../lib/gcc/arm-none-eabi/10.3.1/thumb/v7-m/nofp\libgcc.a

.debug_info     0x0000000000000000     0x28f3
 .debug_info    0x0000000000000000      0x48b ./HAL/EEPROM/I2C_Slave_EEPROM.o
 .debug_info    0x000000000000048b      0x244 ./Src/main.o
 .debug_info    0x00000000000006cf       0x22 ./Startup/startup_stm32f103c6tx.o
 .debug_info    0x00000000000006f1      0x52c ./Stm32_F103C6_Drivers/EXTI/Stm32_F103C6_EXTI.o
 .debug_info    0x0000000000000c1d      0x492 ./Stm32_F103C6_Drivers/GPIO/Stm32_F103C6_GPIO.o
 .debug_info    0x00000000000010af      0x9f4 ./Stm32_F103C6_Drivers/I2C/Stm32_F103C6_I2C.o
 .debug_info    0x0000000000001aa3      0x223 ./Stm32_F103C6_Drivers/RCC/Stm32_F103C6_RCC.o
 .debug_info    0x0000000000001cc6      0x685 ./Stm32_F103C6_Drivers/SPI/Stm32_F103C6_SPI.o
 .debug_info    0x000000000000234b      0x5a8 ./Stm32_F103C6_Drivers/USART/Stm32_F103C6_USART.o

.debug_abbrev   0x0000000000000000      0xbb9
 .debug_abbrev  0x0000000000000000      0x13d ./HAL/EEPROM/I2C_Slave_EEPROM.o
 .debug_abbrev  0x000000000000013d      0x11a ./Src/main.o
 .debug_abbrev  0x0000000000000257       0x12 ./Startup/startup_stm32f103c6tx.o
 .debug_abbrev  0x0000000000000269      0x19a ./Stm32_F103C6_Drivers/EXTI/Stm32_F103C6_EXTI.o
 .debug_abbrev  0x0000000000000403      0x124 ./Stm32_F103C6_Drivers/GPIO/Stm32_F103C6_GPIO.o
 .debug_abbrev  0x0000000000000527      0x209 ./Stm32_F103C6_Drivers/I2C/Stm32_F103C6_I2C.o
 .debug_abbrev  0x0000000000000730       0xda ./Stm32_F103C6_Drivers/RCC/Stm32_F103C6_RCC.o
 .debug_abbrev  0x000000000000080a      0x1f4 ./Stm32_F103C6_Drivers/SPI/Stm32_F103C6_SPI.o
 .debug_abbrev  0x00000000000009fe      0x1bb ./Stm32_F103C6_Drivers/USART/Stm32_F103C6_USART.o

.debug_loc      0x0000000000000000     0x1306
 .debug_loc     0x0000000000000000       0xf2 ./HAL/EEPROM/I2C_Slave_EEPROM.o
 .debug_loc     0x00000000000000f2       0x7c ./Src/main.o
 .debug_loc     0x000000000000016e      0x320 ./Stm32_F103C6_Drivers/EXTI/Stm32_F103C6_EXTI.o
 .debug_loc     0x000000000000048e      0x330 ./Stm32_F103C6_Drivers/GPIO/Stm32_F103C6_GPIO.o
 .debug_loc     0x00000000000007be      0x530 ./Stm32_F103C6_Drivers/I2C/Stm32_F103C6_I2C.o
 .debug_loc     0x0000000000000cee       0xc8 ./Stm32_F103C6_Drivers/RCC/Stm32_F103C6_RCC.o
 .debug_loc     0x0000000000000db6      0x2bc ./Stm32_F103C6_Drivers/SPI/Stm32_F103C6_SPI.o
 .debug_loc     0x0000000000001072      0x294 ./Stm32_F103C6_Drivers/USART/Stm32_F103C6_USART.o

.debug_aranges  0x0000000000000000      0x2e8
 .debug_aranges
                0x0000000000000000       0x30 ./HAL/EEPROM/I2C_Slave_EEPROM.o
 .debug_aranges
                0x0000000000000030       0x28 ./Src/main.o
 .debug_aranges
                0x0000000000000058       0x28 ./Startup/startup_stm32f103c6tx.o
 .debug_aranges
                0x0000000000000080       0x80 ./Stm32_F103C6_Drivers/EXTI/Stm32_F103C6_EXTI.o
 .debug_aranges
                0x0000000000000100       0x60 ./Stm32_F103C6_Drivers/GPIO/Stm32_F103C6_GPIO.o
 .debug_aranges
                0x0000000000000160       0x98 ./Stm32_F103C6_Drivers/I2C/Stm32_F103C6_I2C.o
 .debug_aranges
                0x00000000000001f8       0x38 ./Stm32_F103C6_Drivers/RCC/Stm32_F103C6_RCC.o
 .debug_aranges
                0x0000000000000230       0x58 ./Stm32_F103C6_Drivers/SPI/Stm32_F103C6_SPI.o
 .debug_aranges
                0x0000000000000288       0x60 ./Stm32_F103C6_Drivers/USART/Stm32_F103C6_USART.o

.debug_ranges   0x0000000000000000      0x260
 .debug_ranges  0x0000000000000000       0x20 ./HAL/EEPROM/I2C_Slave_EEPROM.o
 .debug_ranges  0x0000000000000020       0x18 ./Src/main.o
 .debug_ranges  0x0000000000000038       0x20 ./Startup/startup_stm32f103c6tx.o
 .debug_ranges  0x0000000000000058       0x70 ./Stm32_F103C6_Drivers/EXTI/Stm32_F103C6_EXTI.o
 .debug_ranges  0x00000000000000c8       0x50 ./Stm32_F103C6_Drivers/GPIO/Stm32_F103C6_GPIO.o
 .debug_ranges  0x0000000000000118       0x88 ./Stm32_F103C6_Drivers/I2C/Stm32_F103C6_I2C.o
 .debug_ranges  0x00000000000001a0       0x28 ./Stm32_F103C6_Drivers/RCC/Stm32_F103C6_RCC.o
 .debug_ranges  0x00000000000001c8       0x48 ./Stm32_F103C6_Drivers/SPI/Stm32_F103C6_SPI.o
 .debug_ranges  0x0000000000000210       0x50 ./Stm32_F103C6_Drivers/USART/Stm32_F103C6_USART.o

.debug_macro    0x0000000000000000     0x11eb
 .debug_macro   0x0000000000000000      0x1a4 ./HAL/EEPROM/I2C_Slave_EEPROM.o
 .debug_macro   0x00000000000001a4       0x10 ./HAL/EEPROM/I2C_Slave_EEPROM.o
 .debug_macro   0x00000000000001b4       0xd6 ./HAL/EEPROM/I2C_Slave_EEPROM.o
 .debug_macro   0x000000000000028a       0x5e ./HAL/EEPROM/I2C_Slave_EEPROM.o
 .debug_macro   0x00000000000002e8      0x1ab ./Src/main.o
 .debug_macro   0x0000000000000493       0x16 ./Src/main.o
 .debug_macro   0x00000000000004a9       0x10 ./Src/main.o
 .debug_macro   0x00000000000004b9      0x18f ./Stm32_F103C6_Drivers/EXTI/Stm32_F103C6_EXTI.o
 .debug_macro   0x0000000000000648      0x220 ./Stm32_F103C6_Drivers/EXTI/Stm32_F103C6_EXTI.o
 .debug_macro   0x0000000000000868      0x17c ./Stm32_F103C6_Drivers/GPIO/Stm32_F103C6_GPIO.o
 .debug_macro   0x00000000000009e4      0x1a0 ./Stm32_F103C6_Drivers/I2C/Stm32_F103C6_I2C.o
 .debug_macro   0x0000000000000b84      0x17c ./Stm32_F103C6_Drivers/RCC/Stm32_F103C6_RCC.o
 .debug_macro   0x0000000000000d00      0x19d ./Stm32_F103C6_Drivers/SPI/Stm32_F103C6_SPI.o
 .debug_macro   0x0000000000000e9d       0xd1 ./Stm32_F103C6_Drivers/SPI/Stm32_F103C6_SPI.o
 .debug_macro   0x0000000000000f6e      0x18e ./Stm32_F103C6_Drivers/USART/Stm32_F103C6_USART.o
 .debug_macro   0x00000000000010fc       0xef ./Stm32_F103C6_Drivers/USART/Stm32_F103C6_USART.o

.debug_line     0x0000000000000000     0x428d
 .debug_line    0x0000000000000000      0x698 ./HAL/EEPROM/I2C_Slave_EEPROM.o
 .debug_line    0x0000000000000698      0x618 ./Src/main.o
 .debug_line    0x0000000000000cb0       0x84 ./Startup/startup_stm32f103c6tx.o
 .debug_line    0x0000000000000d34      0x9c7 ./Stm32_F103C6_Drivers/EXTI/Stm32_F103C6_EXTI.o
 .debug_line    0x00000000000016fb      0x78f ./Stm32_F103C6_Drivers/GPIO/Stm32_F103C6_GPIO.o
 .debug_line    0x0000000000001e8a      0xad7 ./Stm32_F103C6_Drivers/I2C/Stm32_F103C6_I2C.o
 .debug_line    0x0000000000002961      0x61a ./Stm32_F103C6_Drivers/RCC/Stm32_F103C6_RCC.o
 .debug_line    0x0000000000002f7b      0x8b1 ./Stm32_F103C6_Drivers/SPI/Stm32_F103C6_SPI.o
 .debug_line    0x000000000000382c      0xa61 ./Stm32_F103C6_Drivers/USART/Stm32_F103C6_USART.o

.debug_str      0x0000000000000000     0xc1ff
 .debug_str     0x0000000000000000     0x99c1 ./HAL/EEPROM/I2C_Slave_EEPROM.o
                                       0x9bd0 (size before relaxing)
 .debug_str     0x00000000000099c1       0x82 ./Src/main.o
                                       0x9a04 (size before relaxing)
 .debug_str     0x0000000000009a43       0x31 ./Startup/startup_stm32f103c6tx.o
                                         0x5d (size before relaxing)
 .debug_str     0x0000000000009a74     0x1470 ./Stm32_F103C6_Drivers/EXTI/Stm32_F103C6_EXTI.o
                                       0xab0c (size before relaxing)
 .debug_str     0x000000000000aee4      0x118 ./Stm32_F103C6_Drivers/GPIO/Stm32_F103C6_GPIO.o
                                       0x9845 (size before relaxing)
 .debug_str     0x000000000000affc      0x257 ./Stm32_F103C6_Drivers/I2C/Stm32_F103C6_I2C.o
                                       0x9e2d (size before relaxing)
 .debug_str     0x000000000000b253       0x90 ./Stm32_F103C6_Drivers/RCC/Stm32_F103C6_RCC.o
                                       0x93ae (size before relaxing)
 .debug_str     0x000000000000b2e3      0x759 ./Stm32_F103C6_Drivers/SPI/Stm32_F103C6_SPI.o
                                       0x9ea5 (size before relaxing)
 .debug_str     0x000000000000ba3c      0x7c3 ./Stm32_F103C6_Drivers/USART/Stm32_F103C6_USART.o
                                       0x9f97 (size before relaxing)

.comment        0x0000000000000000       0x50
 .comment       0x0000000000000000       0x50 ./HAL/EEPROM/I2C_Slave_EEPROM.o
                                         0x51 (size before relaxing)
 .comment       0x0000000000000050       0x51 ./Src/main.o
 .comment       0x0000000000000050       0x51 ./Stm32_F103C6_Drivers/EXTI/Stm32_F103C6_EXTI.o
 .comment       0x0000000000000050       0x51 ./Stm32_F103C6_Drivers/GPIO/Stm32_F103C6_GPIO.o
 .comment       0x0000000000000050       0x51 ./Stm32_F103C6_Drivers/I2C/Stm32_F103C6_I2C.o
 .comment       0x0000000000000050       0x51 ./Stm32_F103C6_Drivers/RCC/Stm32_F103C6_RCC.o
 .comment       0x0000000000000050       0x51 ./Stm32_F103C6_Drivers/SPI/Stm32_F103C6_SPI.o
 .comment       0x0000000000000050       0x51 ./Stm32_F103C6_Drivers/USART/Stm32_F103C6_USART.o

.debug_frame    0x0000000000000000      0x9a4
 .debug_frame   0x0000000000000000       0x80 ./HAL/EEPROM/I2C_Slave_EEPROM.o
 .debug_frame   0x0000000000000080       0x50 ./Src/main.o
 .debug_frame   0x00000000000000d0      0x1b0 ./Stm32_F103C6_Drivers/EXTI/Stm32_F103C6_EXTI.o
 .debug_frame   0x0000000000000280      0x174 ./Stm32_F103C6_Drivers/GPIO/Stm32_F103C6_GPIO.o
 .debug_frame   0x00000000000003f4      0x268 ./Stm32_F103C6_Drivers/I2C/Stm32_F103C6_I2C.o
 .debug_frame   0x000000000000065c       0x84 ./Stm32_F103C6_Drivers/RCC/Stm32_F103C6_RCC.o
 .debug_frame   0x00000000000006e0      0x14c ./Stm32_F103C6_Drivers/SPI/Stm32_F103C6_SPI.o
 .debug_frame   0x000000000000082c      0x14c ./Stm32_F103C6_Drivers/USART/Stm32_F103C6_USART.o
 .debug_frame   0x0000000000000978       0x2c c:/st/stm32cubeide_1.12.0/stm32cubeide/plugins/com.st.stm32cube.ide.mcu.externaltools.gnu-tools-for-stm32.10.3-2021.10.win32_1.0.200.202301161003/tools/bin/../lib/gcc/arm-none-eabi/10.3.1/../../../../arm-none-eabi/lib/thumb/v7-m/nofp\libc_nano.a(lib_a-init.o)
